Component: ARM Compiler 5.06 update 6 (build 750) Tool: armlink [4d35ed]

==============================================================================

Section Cross References

    startup_stm32f103xe.o(RESET) refers to startup_stm32f103xe.o(STACK) for __initial_sp
    startup_stm32f103xe.o(RESET) refers to startup_stm32f103xe.o(.text) for Reset_Handler
    startup_stm32f103xe.o(RESET) refers to stm32f1xx_it.o(i.NMI_Handler) for NMI_Handler
    startup_stm32f103xe.o(RESET) refers to stm32f1xx_it.o(i.HardFault_Handler) for HardFault_Handler
    startup_stm32f103xe.o(RESET) refers to stm32f1xx_it.o(i.MemManage_Handler) for MemManage_Handler
    startup_stm32f103xe.o(RESET) refers to stm32f1xx_it.o(i.BusFault_Handler) for BusFault_Handler
    startup_stm32f103xe.o(RESET) refers to stm32f1xx_it.o(i.UsageFault_Handler) for UsageFault_Handler
    startup_stm32f103xe.o(RESET) refers to stm32f1xx_it.o(i.SVC_Handler) for SVC_Handler
    startup_stm32f103xe.o(RESET) refers to stm32f1xx_it.o(i.DebugMon_Handler) for DebugMon_Handler
    startup_stm32f103xe.o(RESET) refers to stm32f1xx_it.o(i.PendSV_Handler) for PendSV_Handler
    startup_stm32f103xe.o(RESET) refers to stm32f1xx_it.o(i.SysTick_Handler) for SysTick_Handler
    startup_stm32f103xe.o(.text) refers to system_stm32f1xx.o(i.SystemInit) for SystemInit
    startup_stm32f103xe.o(.text) refers to entry.o(.ARM.Collect$$$$00000000) for __main
    display.o(i.displayOled) refers to display.o(i.displayOption) for displayOption
    display.o(i.displayOled) refers to oled.o(i.OLED_Clear) for OLED_Clear
    display.o(i.displayOled) refers to display.o(i.displayMenu) for displayMenu
    display.o(i.displayOled) refers to main.o(.data) for optNow
    display.o(i.displayOled) refers to display.o(.data) for .data
    display.o(i.displayOled) refers to main.o(.data) for val_1
    display.o(i.displayOled) refers to main.o(.data) for val_2
    display.o(i.displayOled) refers to main.o(.data) for val_3
    display.o(i.displayOled) refers to main.o(.data) for val_4
    display.o(i.displayOled) refers to main.o(.data) for val_5
    display.o(i.displayOled) refers to main.o(.data) for val_6
    display.o(i.displayOled) refers to main.o(.data) for val_7
    display.o(i.displayOption) refers to oled.o(i.OLED_DrawRectangle) for OLED_DrawRectangle
    display.o(.data) refers to display.o(.data) for Menu_1
    display.o(.data) refers to display.o(.data) for Menu_2
    display.o(.data) refers to display.o(.data) for Menu_3
    display.o(.data) refers to display.o(.data) for Menu_4
    display.o(.data) refers to display.o(.data) for menu
    display.o(.data) refers to display.o(.conststring) for .conststring
    display.o(.data) refers to menu.o(i.CallbackDisplay1_1) for CallbackDisplay1_1
    display.o(.data) refers to menu.o(i.KeyCallbackPlus1_1) for KeyCallbackPlus1_1
    display.o(.data) refers to menu.o(i.KeyCallbackMinus1_1) for KeyCallbackMinus1_1
    display.o(.data) refers to menu.o(i.KeyCallbackConfirm1_1) for KeyCallbackConfirm1_1
    display.o(.data) refers to menu.o(i.CallbackDisplay1_2) for CallbackDisplay1_2
    display.o(.data) refers to menu.o(i.KeyCallbackPlus1_2) for KeyCallbackPlus1_2
    display.o(.data) refers to menu.o(i.KeyCallbackMinus1_2) for KeyCallbackMinus1_2
    display.o(.data) refers to menu.o(i.KeyCallbackConfirm1_2) for KeyCallbackConfirm1_2
    display.o(.data) refers to menu.o(i.CallbackDisplay1_3) for CallbackDisplay1_3
    display.o(.data) refers to menu.o(i.KeyCallbackPlus1_3) for KeyCallbackPlus1_3
    display.o(.data) refers to menu.o(i.KeyCallbackMinus1_3) for KeyCallbackMinus1_3
    display.o(.data) refers to menu.o(i.KeyCallbackConfirm1_3) for KeyCallbackConfirm1_3
    display.o(.data) refers to display.o(.data) for menu
    display.o(.data) refers to display.o(.conststring) for .conststring
    display.o(.data) refers to menu.o(i.CallbackDisplay2_1) for CallbackDisplay2_1
    display.o(.data) refers to menu.o(i.KeyCallbackPlus2_1) for KeyCallbackPlus2_1
    display.o(.data) refers to menu.o(i.KeyCallbackMiuns2_1) for KeyCallbackMiuns2_1
    display.o(.data) refers to menu.o(i.KeyCallbackConfirm2_1) for KeyCallbackConfirm2_1
    display.o(.data) refers to menu.o(i.CallbackDisplay2_2) for CallbackDisplay2_2
    display.o(.data) refers to menu.o(i.KeyCallbackPlus2_2) for KeyCallbackPlus2_2
    display.o(.data) refers to menu.o(i.KeyCallbackMinus2_2) for KeyCallbackMinus2_2
    display.o(.data) refers to menu.o(i.KeyCallbackConfirm2_2) for KeyCallbackConfirm2_2
    display.o(.data) refers to menu.o(i.CallbackDisplay2_3) for CallbackDisplay2_3
    display.o(.data) refers to menu.o(i.KeyCallbackPlus2_3) for KeyCallbackPlus2_3
    display.o(.data) refers to menu.o(i.KeyCallbackMinus2_3) for KeyCallbackMinus2_3
    display.o(.data) refers to menu.o(i.KeyCallbackConfirm2_3) for KeyCallbackConfirm2_3
    display.o(.data) refers to menu.o(i.CallbackDisplay2_4) for CallbackDisplay2_4
[...]
    stm32f1xx_hal_rcc_ex.o(i.HAL_RCCEx_PeriphCLKConfig) refers to stm32f1xx_hal.o(i.HAL_GetTick) for HAL_GetTick
    stm32f1xx_hal_gpio.o(i.HAL_GPIO_EXTI_IRQHandler) refers to stm32f1xx_hal_gpio.o(i.HAL_GPIO_EXTI_Callback) for HAL_GPIO_EXTI_Callback
    stm32f1xx_hal_dma.o(i.HAL_DMA_PollForTransfer) refers to stm32f1xx_hal.o(i.HAL_GetTick) for HAL_GetTick
    stm32f1xx_hal_dma.o(i.HAL_DMA_Start) refers to stm32f1xx_hal_dma.o(i.DMA_SetConfig) for DMA_SetConfig
    stm32f1xx_hal_dma.o(i.HAL_DMA_Start_IT) refers to stm32f1xx_hal_dma.o(i.DMA_SetConfig) for DMA_SetConfig
    stm32f1xx_hal_cortex.o(i.HAL_NVIC_SetPriority) refers to stm32f1xx_hal_cortex.o(i.NVIC_SetPriority) for NVIC_SetPriority
    stm32f1xx_hal_cortex.o(i.HAL_SYSTICK_Config) refers to stm32f1xx_hal_cortex.o(i.NVIC_SetPriority) for NVIC_SetPriority
    stm32f1xx_hal_cortex.o(i.HAL_SYSTICK_IRQHandler) refers to stm32f1xx_hal_cortex.o(i.HAL_SYSTICK_Callback) for HAL_SYSTICK_Callback
    stm32f1xx_hal_pwr.o(i.HAL_PWR_EnterSTOPMode) refers to stm32f1xx_hal_pwr.o(i.PWR_OverloadWfe) for PWR_OverloadWfe
    stm32f1xx_hal_pwr.o(i.HAL_PWR_PVD_IRQHandler) refers to stm32f1xx_hal_pwr.o(i.HAL_PWR_PVDCallback) for HAL_PWR_PVDCallback
    stm32f1xx_hal_flash.o(i.FLASH_Program_HalfWord) refers to stm32f1xx_hal_flash.o(.bss) for .bss
    stm32f1xx_hal_flash.o(i.FLASH_SetErrorCode) refers to stm32f1xx_hal_flash.o(.bss) for .bss
    stm32f1xx_hal_flash.o(i.FLASH_WaitForLastOperation) refers to stm32f1xx_hal.o(i.HAL_GetTick) for HAL_GetTick
    stm32f1xx_hal_flash.o(i.FLASH_WaitForLastOperation) refers to stm32f1xx_hal_flash.o(i.FLASH_SetErrorCode) for FLASH_SetErrorCode
    stm32f1xx_hal_flash.o(i.HAL_FLASH_GetError) refers to stm32f1xx_hal_flash.o(.bss) for .bss
    stm32f1xx_hal_flash.o(i.HAL_FLASH_IRQHandler) refers to stm32f1xx_hal_flash.o(i.FLASH_SetErrorCode) for FLASH_SetErrorCode
    stm32f1xx_hal_flash.o(i.HAL_FLASH_IRQHandler) refers to stm32f1xx_hal_flash.o(i.HAL_FLASH_OperationErrorCallback) for HAL_FLASH_OperationErrorCallback
    stm32f1xx_hal_flash.o(i.HAL_FLASH_IRQHandler) refers to stm32f1xx_hal_flash.o(i.FLASH_Program_HalfWord) for FLASH_Program_HalfWord
    stm32f1xx_hal_flash.o(i.HAL_FLASH_IRQHandler) refers to stm32f1xx_hal_flash.o(i.HAL_FLASH_EndOfOperationCallback) for HAL_FLASH_EndOfOperationCallback
    stm32f1xx_hal_flash.o(i.HAL_FLASH_IRQHandler) refers to stm32f1xx_hal_flash_ex.o(i.FLASH_PageErase) for FLASH_PageErase
    stm32f1xx_hal_flash.o(i.HAL_FLASH_IRQHandler) refers to stm32f1xx_hal_flash.o(.bss) for .bss
    stm32f1xx_hal_flash.o(i.HAL_FLASH_OB_Launch) refers to stm32f1xx_hal_cortex.o(i.HAL_NVIC_SystemReset) for HAL_NVIC_SystemReset
    stm32f1xx_hal_flash.o(i.HAL_FLASH_Program) refers to stm32f1xx_hal_flash.o(i.FLASH_WaitForLastOperation) for FLASH_WaitForLastOperation
    stm32f1xx_hal_flash.o(i.HAL_FLASH_Program) refers to llushr.o(.text) for __aeabi_llsr
    stm32f1xx_hal_flash.o(i.HAL_FLASH_Program) refers to stm32f1xx_hal_flash.o(i.FLASH_Program_HalfWord) for FLASH_Program_HalfWord
    stm32f1xx_hal_flash.o(i.HAL_FLASH_Program) refers to stm32f1xx_hal_flash.o(.bss) for .bss
    stm32f1xx_hal_flash.o(i.HAL_FLASH_Program_IT) refers to stm32f1xx_hal_flash.o(i.FLASH_Program_HalfWord) for FLASH_Program_HalfWord
    stm32f1xx_hal_flash.o(i.HAL_FLASH_Program_IT) refers to stm32f1xx_hal_flash.o(.bss) for .bss
    stm32f1xx_hal_flash_ex.o(i.FLASH_MassErase) refers to stm32f1xx_hal_flash.o(.bss) for pFlash
    stm32f1xx_hal_flash_ex.o(i.FLASH_OB_DisableWRP) refers to stm32f1xx_hal_flash.o(i.FLASH_WaitForLastOperation) for FLASH_WaitForLastOperation
    stm32f1xx_hal_flash_ex.o(i.FLASH_OB_DisableWRP) refers to stm32f1xx_hal_flash_ex.o(i.HAL_FLASHEx_OBErase) for HAL_FLASHEx_OBErase
    stm32f1xx_hal_flash_ex.o(i.FLASH_OB_DisableWRP) refers to stm32f1xx_hal_flash.o(.bss) for pFlash
    stm32f1xx_hal_flash_ex.o(i.FLASH_OB_EnableWRP) refers to stm32f1xx_hal_flash.o(i.FLASH_WaitForLastOperation) for FLASH_WaitForLastOperation
    stm32f1xx_hal_flash_ex.o(i.FLASH_OB_EnableWRP) refers to stm32f1xx_hal_flash_ex.o(i.HAL_FLASHEx_OBErase) for HAL_FLASHEx_OBErase
    stm32f1xx_hal_flash_ex.o(i.FLASH_OB_EnableWRP) refers to stm32f1xx_hal_flash.o(.bss) for pFlash
    stm32f1xx_hal_flash_ex.o(i.FLASH_OB_RDP_LevelConfig) refers to stm32f1xx_hal_flash.o(i.FLASH_WaitForLastOperation) for FLASH_WaitForLastOperation
    stm32f1xx_hal_flash_ex.o(i.FLASH_OB_RDP_LevelConfig) refers to stm32f1xx_hal_flash.o(.bss) for pFlash
    stm32f1xx_hal_flash_ex.o(i.FLASH_PageErase) refers to stm32f1xx_hal_flash.o(.bss) for pFlash
    stm32f1xx_hal_flash_ex.o(i.HAL_FLASHEx_Erase) refers to stm32f1xx_hal_flash.o(i.FLASH_WaitForLastOperation) for FLASH_WaitForLastOperation
    stm32f1xx_hal_flash_ex.o(i.HAL_FLASHEx_Erase) refers to stm32f1xx_hal_flash_ex.o(i.FLASH_MassErase) for FLASH_MassErase
    stm32f1xx_hal_flash_ex.o(i.HAL_FLASHEx_Erase) refers to stm32f1xx_hal_flash_ex.o(i.FLASH_PageErase) for FLASH_PageErase
    stm32f1xx_hal_flash_ex.o(i.HAL_FLASHEx_Erase) refers to stm32f1xx_hal_flash.o(.bss) for pFlash
    stm32f1xx_hal_flash_ex.o(i.HAL_FLASHEx_Erase_IT) refers to stm32f1xx_hal_flash_ex.o(i.FLASH_PageErase) for FLASH_PageErase
    stm32f1xx_hal_flash_ex.o(i.HAL_FLASHEx_Erase_IT) refers to stm32f1xx_hal_flash_ex.o(i.FLASH_MassErase) for FLASH_MassErase
    stm32f1xx_hal_flash_ex.o(i.HAL_FLASHEx_Erase_IT) refers to stm32f1xx_hal_flash.o(.bss) for pFlash
    stm32f1xx_hal_flash_ex.o(i.HAL_FLASHEx_OBErase) refers to stm32f1xx_hal_flash_ex.o(i.FLASH_OB_GetRDP) for FLASH_OB_GetRDP
    stm32f1xx_hal_flash_ex.o(i.HAL_FLASHEx_OBErase) refers to stm32f1xx_hal_flash.o(i.FLASH_WaitForLastOperation) for FLASH_WaitForLastOperation
    stm32f1xx_hal_flash_ex.o(i.HAL_FLASHEx_OBErase) refers to stm32f1xx_hal_flash_ex.o(i.FLASH_OB_RDP_LevelConfig) for FLASH_OB_RDP_LevelConfig
    stm32f1xx_hal_flash_ex.o(i.HAL_FLASHEx_OBErase) refers to stm32f1xx_hal_flash.o(.bss) for pFlash
    stm32f1xx_hal_flash_ex.o(i.HAL_FLASHEx_OBGetConfig) refers to stm32f1xx_hal_flash_ex.o(i.FLASH_OB_GetRDP) for FLASH_OB_GetRDP
    stm32f1xx_hal_flash_ex.o(i.HAL_FLASHEx_OBProgram) refers to stm32f1xx_hal_flash_ex.o(i.FLASH_OB_DisableWRP) for FLASH_OB_DisableWRP
    stm32f1xx_hal_flash_ex.o(i.HAL_FLASHEx_OBProgram) refers to stm32f1xx_hal_flash_ex.o(i.FLASH_OB_EnableWRP) for FLASH_OB_EnableWRP
    stm32f1xx_hal_flash_ex.o(i.HAL_FLASHEx_OBProgram) refers to stm32f1xx_hal_flash_ex.o(i.FLASH_OB_RDP_LevelConfig) for FLASH_OB_RDP_LevelConfig
    stm32f1xx_hal_flash_ex.o(i.HAL_FLASHEx_OBProgram) refers to stm32f1xx_hal_flash.o(i.FLASH_WaitForLastOperation) for FLASH_WaitForLastOperation
    stm32f1xx_hal_flash_ex.o(i.HAL_FLASHEx_OBProgram) refers to stm32f1xx_hal_flash.o(.bss) for pFlash
    system_stm32f1xx.o(i.SystemCoreClockUpdate) refers to system_stm32f1xx.o(.data) for .data
    system_stm32f1xx.o(i.SystemCoreClockUpdate) refers to system_stm32f1xx.o(.constdata) for .constdata
    entry.o(.ARM.Collect$$$$00000000) refers (Special) to entry10a.o(.ARM.Collect$$$$0000000D) for __rt_final_cpp
    entry.o(.ARM.Collect$$$$00000000) refers (Special) to entry11a.o(.ARM.Collect$$$$0000000F) for __rt_final_exit
    entry.o(.ARM.Collect$$$$00000000) refers (Special) to entry7b.o(.ARM.Collect$$$$00000008) for _main_clock
    entry.o(.ARM.Collect$$$$00000000) refers (Special) to entry8b.o(.ARM.Collect$$$$0000000A) for _main_cpp_init
    entry.o(.ARM.Collect$$$$00000000) refers (Special) to entry9a.o(.ARM.Collect$$$$0000000B) for _main_init
    entry.o(.ARM.Collect$$$$00000000) refers (Special) to entry5.o(.ARM.Collect$$$$00000004) for _main_scatterload
    entry.o(.ARM.Collect$$$$00000000) refers (Special) to entry2.o(.ARM.Collect$$$$00000001) for _main_stk
    entry2.o(.ARM.Collect$$$$00000001) refers to entry2.o(.ARM.Collect$$$$00002712) for __lit__00000000
    entry2.o(.ARM.Collect$$$$00002712) refers to startup_stm32f103xe.o(STACK) for __initial_sp
    entry2.o(__vectab_stack_and_reset_area) refers to startup_stm32f103xe.o(STACK) for __initial_sp
    entry2.o(__vectab_stack_and_reset_area) refers to entry.o(.ARM.Collect$$$$00000000) for __main
    entry5.o(.ARM.Collect$$$$00000004) refers to init.o(.text) for __scatterload
    entry9a.o(.ARM.Collect$$$$0000000B) refers to main.o(i.main) for main
    entry9b.o(.ARM.Collect$$$$0000000C) refers to main.o(i.main) for main
    init.o(.text) refers to entry5.o(.ARM.Collect$$$$00000004) for __main_after_scatterload


==============================================================================

Removing Unused input sections from the image.

    Removing startup_stm32f103xe.o(HEAP), (512 bytes).
    Removing delay.o(.rev16_text), (4 bytes).
    Removing delay.o(.revsh_text), (4 bytes).
    Removing delay.o(.rrx_text), (6 bytes).
    Removing display.o(.rev16_text), (4 bytes).
    Removing display.o(.revsh_text), (4 bytes).
    Removing display.o(.rrx_text), (6 bytes).
    Removing key.o(.rev16_text), (4 bytes).
    Removing key.o(.revsh_text), (4 bytes).
    Removing key.o(.rrx_text), (6 bytes).
    Removing menu.o(.rev16_text), (4 bytes).
    Removing menu.o(.revsh_text), (4 bytes).
    Removing menu.o(.rrx_text), (6 bytes).
    Removing oled.o(.rev16_text), (4 bytes).
    Removing oled.o(.revsh_text), (4 bytes).
    Removing oled.o(.rrx_text), (6 bytes).
    Removing oled.o(i.Delay_1ms), (18 bytes).
    Removing oled.o(i.Delay_50ms), (20 bytes).
    Removing oled.o(i.OLED_Display_Off), (30 bytes).
    Removing oled.o(i.OLED_Display_On), (30 bytes).
    Removing oled.o(i.OLED_DrawLine), (50 bytes).
    Removing oled.o(i.OLED_DrawRow), (50 bytes).
    Removing oled.o(i.OLED_Fill), (56 bytes).
    Removing oled.o(i.OLED_On), (58 bytes).
    Removing oled.o(i.OLED_ShowCHinese), (80 bytes).
    Removing oled.o(i.fill_picture), (60 bytes).
    Removing oled.o(.data), (896 bytes).
    Removing main.o(.rev16_text), (4 bytes).
    Removing main.o(.revsh_text), (4 bytes).
    Removing main.o(.rrx_text), (6 bytes).
    Removing gpio.o(.rev16_text), (4 bytes).
    Removing gpio.o(.revsh_text), (4 bytes).
    Removing gpio.o(.rrx_text), (6 bytes).
    Removing usart.o(.rev16_text), (4 bytes).
    Removing usart.o(.revsh_text), (4 bytes).
    Removing usart.o(.rrx_text), (6 bytes).
    Removing usart.o(i.HAL_UART_MspDeInit), (44 bytes).
    Removing stm32f1xx_it.o(.rev16_text), (4 bytes).
    Removing stm32f1xx_it.o(.revsh_text), (4 bytes).
    Removing stm32f1xx_it.o(.rrx_text), (6 bytes).
    Removing stm32f1xx_hal_msp.o(.rev16_text), (4 bytes).
    Removing stm32f1xx_hal_msp.o(.revsh_text), (4 bytes).
    Removing stm32f1xx_hal_msp.o(.rrx_text), (6 bytes).
    Removing protocol.o(.rev16_text), (4 bytes).
    Removing protocol.o(.revsh_text), (4 bytes).
    Removing protocol.o(.rrx_text), (6 bytes).
    Removing stm32f1xx_hal_gpio_ex.o(.rev16_text), (4 bytes).
    Removing stm32f1xx_hal_gpio_ex.o(.revsh_text), (4 bytes).
    Removing stm32f1xx_hal_gpio_ex.o(.rrx_text), (6 bytes).
    Removing stm32f1xx_hal_gpio_ex.o(i.HAL_GPIOEx_ConfigEventout), (20 bytes).
    Removing stm32f1xx_hal_gpio_ex.o(i.HAL_GPIOEx_DisableEventout), (16 bytes).
    Removing stm32f1xx_hal_gpio_ex.o(i.HAL_GPIOEx_EnableEventout), (16 bytes).
    Removing stm32f1xx_hal_tim.o(.rev16_text), (4 bytes).
    Removing stm32f1xx_hal_tim.o(.revsh_text), (4 bytes).
    Removing stm32f1xx_hal_tim.o(.rrx_text), (6 bytes).
    Removing stm32f1xx_hal_tim_ex.o(.rev16_text), (4 bytes).
    Removing stm32f1xx_hal_tim_ex.o(.revsh_text), (4 bytes).
    Removing stm32f1xx_hal_tim_ex.o(.rrx_text), (6 bytes).
    Removing stm32f1xx_hal_uart.o(.rev16_text), (4 bytes).
    Removing stm32f1xx_hal_uart.o(.revsh_text), (4 bytes).
    Removing stm32f1xx_hal_uart.o(.rrx_text), (6 bytes).
    Removing stm32f1xx_hal_uart.o(i.HAL_HalfDuplex_EnableReceiver), (50 bytes).
    Removing stm32f1xx_hal_uart.o(i.HAL_HalfDuplex_EnableTransmitter), (50 bytes).
    Removing stm32f1xx_hal_uart.o(i.HAL_HalfDuplex_Init), (108 bytes).
    Removing stm32f1xx_hal_uart.o(i.HAL_LIN_Init), (122 bytes).
    Removing stm32f1xx_hal_uart.o(i.HAL_LIN_SendBreak), (46 bytes).
    Removing stm32f1xx_hal_uart.o(i.HAL_MultiProcessor_EnterMuteMode), (46 bytes).
    Removing stm32f1xx_hal_uart.o(i.HAL_MultiProcessor_ExitMuteMode), (46 bytes).
    Removing stm32f1xx_hal_uart.o(i.HAL_MultiProcessor_Init), (130 bytes).
    Removing stm32f1xx_hal_uart.o(i.HAL_UART_Abort), (104 bytes).
    Removing stm32f1xx_hal_uart.o(i.HAL_UART_AbortCpltCallback), (2 bytes).
    Removing stm32f1xx_hal_uart.o(i.HAL_UART_AbortReceive), (68 bytes).
    Removing stm32f1xx_hal_uart.o(i.HAL_UART_AbortReceiveCpltCallback), (2 bytes).
    Removing stm32f1xx_hal_uart.o(i.HAL_UART_AbortReceive_IT), (92 bytes).
    Removing stm32f1xx_hal_uart.o(i.HAL_UART_AbortTransmit), (58 bytes).
    Removing stm32f1xx_hal_uart.o(i.HAL_UART_AbortTransmitCpltCallback), (2 bytes).
    Removing stm32f1xx_hal_uart.o(i.HAL_UART_AbortTransmit_IT), (84 bytes).
    Removing stm32f1xx_hal_uart.o(i.HAL_UART_Abort_IT), (172 bytes).
    Removing stm32f1xx_hal_uart.o(i.HAL_UART_DMAPause), (102 bytes).
    Removing stm32f1xx_hal_uart.o(i.HAL_UART_DMAResume), (94 bytes).
    Removing stm32f1xx_hal_uart.o(i.HAL_UART_DMAStop), (88 bytes).
    Removing stm32f1xx_hal_uart.o(i.HAL_UART_DeInit), (40 bytes).
    Removing stm32f1xx_hal_uart.o(i.HAL_UART_ErrorCallback), (2 bytes).
    Removing stm32f1xx_hal_uart.o(i.HAL_UART_GetError), (4 bytes).
    Removing stm32f1xx_hal_uart.o(i.HAL_UART_IRQHandler), (272 bytes).
    Removing stm32f1xx_hal_uart.o(i.HAL_UART_MspDeInit), (2 bytes).
    Removing stm32f1xx_hal_uart.o(i.HAL_UART_MspInit), (2 bytes).
    Removing stm32f1xx_hal_uart.o(i.HAL_UART_Receive), (184 bytes).
    Removing stm32f1xx_hal_uart.o(i.HAL_UART_Receive_DMA), (152 bytes).
    Removing stm32f1xx_hal_uart.o(i.HAL_UART_Receive_IT), (82 bytes).
    Removing stm32f1xx_hal_uart.o(i.HAL_UART_RxCpltCallback), (2 bytes).
    Removing stm32f1xx_hal_uart.o(i.HAL_UART_RxHalfCpltCallback), (2 bytes).
    Removing stm32f1xx_hal_uart.o(i.HAL_UART_Transmit_DMA), (128 bytes).
    Removing stm32f1xx_hal_uart.o(i.HAL_UART_Transmit_IT), (62 bytes).
    Removing stm32f1xx_hal_uart.o(i.HAL_UART_TxCpltCallback), (2 bytes).
    Removing stm32f1xx_hal_uart.o(i.HAL_UART_TxHalfCpltCallback), (2 bytes).
    Removing stm32f1xx_hal_uart.o(i.UART_DMAAbortOnError), (16 bytes).
    Removing stm32f1xx_hal_uart.o(i.UART_DMAError), (74 bytes).
    Removing stm32f1xx_hal_uart.o(i.UART_DMAReceiveCplt), (60 bytes).
    Removing stm32f1xx_hal_uart.o(i.UART_DMARxAbortCallback), (42 bytes).
    Removing stm32f1xx_hal_uart.o(i.UART_DMARxHalfCplt), (10 bytes).
    Removing stm32f1xx_hal_uart.o(i.UART_DMARxOnlyAbortCallback), (20 bytes).
    Removing stm32f1xx_hal_uart.o(i.UART_DMATransmitCplt), (46 bytes).
    Removing stm32f1xx_hal_uart.o(i.UART_DMATxAbortCallback), (42 bytes).
    Removing stm32f1xx_hal_uart.o(i.UART_DMATxHalfCplt), (10 bytes).
    Removing stm32f1xx_hal_uart.o(i.UART_DMATxOnlyAbortCallback), (20 bytes).
    Removing stm32f1xx_hal_uart.o(i.UART_EndRxTransfer), (28 bytes).
    Removing stm32f1xx_hal_uart.o(i.UART_EndTxTransfer), (18 bytes).
    Removing stm32f1xx_hal_uart.o(i.UART_Receive_IT), (150 bytes).
    Removing stm32f1xx_hal_uart.o(i.UART_Transmit_IT), (98 bytes).
    Removing stm32f1xx_hal.o(.rev16_text), (4 bytes).
    Removing stm32f1xx_hal.o(.revsh_text), (4 bytes).
    Removing stm32f1xx_hal.o(.rrx_text), (6 bytes).
    Removing stm32f1xx_hal.o(i.HAL_DBGMCU_DisableDBGSleepMode), (16 bytes).
    Removing stm32f1xx_hal.o(i.HAL_DBGMCU_DisableDBGStandbyMode), (16 bytes).
    Removing stm32f1xx_hal.o(i.HAL_DBGMCU_DisableDBGStopMode), (16 bytes).
    Removing stm32f1xx_hal.o(i.HAL_DBGMCU_EnableDBGSleepMode), (16 bytes).
    Removing stm32f1xx_hal.o(i.HAL_DBGMCU_EnableDBGStandbyMode), (16 bytes).
    Removing stm32f1xx_hal.o(i.HAL_DBGMCU_EnableDBGStopMode), (16 bytes).
    Removing stm32f1xx_hal.o(i.HAL_DeInit), (32 bytes).
    Removing stm32f1xx_hal.o(i.HAL_Delay), (36 bytes).
    Removing stm32f1xx_hal.o(i.HAL_GetDEVID), (16 bytes).
    Removing stm32f1xx_hal.o(i.HAL_GetHalVersion), (8 bytes).
    Removing stm32f1xx_hal.o(i.HAL_GetREVID), (12 bytes).
    Removing stm32f1xx_hal.o(i.HAL_GetTickFreq), (12 bytes).
    Removing stm32f1xx_hal.o(i.HAL_GetTickPrio), (12 bytes).
    Removing stm32f1xx_hal.o(i.HAL_GetUID), (28 bytes).
    Removing stm32f1xx_hal.o(i.HAL_MspDeInit), (2 bytes).
    Removing stm32f1xx_hal.o(i.HAL_MspInit), (2 bytes).
    Removing stm32f1xx_hal.o(i.HAL_ResumeTick), (14 bytes).
    Removing stm32f1xx_hal.o(i.HAL_SetTickFreq), (28 bytes).
    Removing stm32f1xx_hal.o(i.HAL_SuspendTick), (14 bytes).
    Removing stm32f1xx_hal_rcc.o(.rev16_text), (4 bytes).
    Removing stm32f1xx_hal_rcc.o(.revsh_text), (4 bytes).
    Removing stm32f1xx_hal_rcc.o(.rrx_text), (6 bytes).
    Removing stm32f1xx_hal_rcc.o(i.HAL_RCC_CSSCallback), (2 bytes).
    Removing stm32f1xx_hal_rcc.o(i.HAL_RCC_DeInit), (216 bytes).
    Removing stm32f1xx_hal_rcc.o(i.HAL_RCC_DisableCSS), (12 bytes).
    Removing stm32f1xx_hal_rcc.o(i.HAL_RCC_EnableCSS), (12 bytes).
    Removing stm32f1xx_hal_rcc.o(i.HAL_RCC_GetClockConfig), (64 bytes).
    Removing stm32f1xx_hal_rcc.o(i.HAL_RCC_GetHCLKFreq), (12 bytes).
    Removing stm32f1xx_hal_rcc.o(i.HAL_RCC_GetOscConfig), (144 bytes).
    Removing stm32f1xx_hal_rcc.o(i.HAL_RCC_MCOConfig), (72 bytes).
    Removing stm32f1xx_hal_rcc.o(i.HAL_RCC_NMI_IRQHandler), (24 bytes).
    Removing stm32f1xx_hal_rcc_ex.o(.rev16_text), (4 bytes).
    Removing stm32f1xx_hal_rcc_ex.o(.revsh_text), (4 bytes).
    Removing stm32f1xx_hal_rcc_ex.o(.rrx_text), (6 bytes).
    Removing stm32f1xx_hal_rcc_ex.o(i.HAL_RCCEx_GetPeriphCLKConfig), (52 bytes).
    Removing stm32f1xx_hal_rcc_ex.o(i.HAL_RCCEx_GetPeriphCLKFreq), (212 bytes).
    Removing stm32f1xx_hal_rcc_ex.o(i.HAL_RCCEx_PeriphCLKConfig), (236 bytes).
    Removing stm32f1xx_hal_gpio.o(.rev16_text), (4 bytes).
    Removing stm32f1xx_hal_gpio.o(.revsh_text), (4 bytes).
    Removing stm32f1xx_hal_gpio.o(.rrx_text), (6 bytes).
    Removing stm32f1xx_hal_gpio.o(i.HAL_GPIO_DeInit), (256 bytes).
    Removing stm32f1xx_hal_gpio.o(i.HAL_GPIO_EXTI_Callback), (2 bytes).
    Removing stm32f1xx_hal_gpio.o(i.HAL_GPIO_EXTI_IRQHandler), (24 bytes).
    Removing stm32f1xx_hal_gpio.o(i.HAL_GPIO_LockPin), (34 bytes).
    Removing stm32f1xx_hal_gpio.o(i.HAL_GPIO_TogglePin), (8 bytes).
    Removing stm32f1xx_hal_dma.o(.rev16_text), (4 bytes).
    Removing stm32f1xx_hal_dma.o(.revsh_text), (4 bytes).
    Removing stm32f1xx_hal_dma.o(.rrx_text), (6 bytes).
    Removing stm32f1xx_hal_dma.o(i.DMA_SetConfig), (42 bytes).
    Removing stm32f1xx_hal_dma.o(i.HAL_DMA_Abort), (48 bytes).
    Removing stm32f1xx_hal_dma.o(i.HAL_DMA_Abort_IT), (304 bytes).
    Removing stm32f1xx_hal_dma.o(i.HAL_DMA_DeInit), (128 bytes).
    Removing stm32f1xx_hal_dma.o(i.HAL_DMA_GetError), (4 bytes).
    Removing stm32f1xx_hal_dma.o(i.HAL_DMA_GetState), (6 bytes).
    Removing stm32f1xx_hal_dma.o(i.HAL_DMA_IRQHandler), (584 bytes).
    Removing stm32f1xx_hal_dma.o(i.HAL_DMA_Init), (124 bytes).
    Removing stm32f1xx_hal_dma.o(i.HAL_DMA_PollForTransfer), (988 bytes).
    Removing stm32f1xx_hal_dma.o(i.HAL_DMA_RegisterCallback), (74 bytes).
    Removing stm32f1xx_hal_dma.o(i.HAL_DMA_Start), (80 bytes).
    Removing stm32f1xx_hal_dma.o(i.HAL_DMA_Start_IT), (112 bytes).
    Removing stm32f1xx_hal_dma.o(i.HAL_DMA_UnRegisterCallback), (82 bytes).
    Removing stm32f1xx_hal_cortex.o(.rev16_text), (4 bytes).
    Removing stm32f1xx_hal_cortex.o(.revsh_text), (4 bytes).
    Removing stm32f1xx_hal_cortex.o(.rrx_text), (6 bytes).
    Removing stm32f1xx_hal_cortex.o(i.HAL_NVIC_ClearPendingIRQ), (22 bytes).
    Removing stm32f1xx_hal_cortex.o(i.HAL_NVIC_DisableIRQ), (22 bytes).
    Removing stm32f1xx_hal_cortex.o(i.HAL_NVIC_EnableIRQ), (22 bytes).
    Removing stm32f1xx_hal_cortex.o(i.HAL_NVIC_GetActive), (32 bytes).
    Removing stm32f1xx_hal_cortex.o(i.HAL_NVIC_GetPendingIRQ), (32 bytes).
    Removing stm32f1xx_hal_cortex.o(i.HAL_NVIC_GetPriority), (82 bytes).
    Removing stm32f1xx_hal_cortex.o(i.HAL_NVIC_GetPriorityGrouping), (16 bytes).
    Removing stm32f1xx_hal_cortex.o(i.HAL_NVIC_SetPendingIRQ), (22 bytes).
    Removing stm32f1xx_hal_cortex.o(i.HAL_NVIC_SystemReset), (36 bytes).
    Removing stm32f1xx_hal_cortex.o(i.HAL_SYSTICK_CLKSourceConfig), (24 bytes).
    Removing stm32f1xx_hal_cortex.o(i.HAL_SYSTICK_Callback), (2 bytes).
    Removing stm32f1xx_hal_cortex.o(i.HAL_SYSTICK_IRQHandler), (8 bytes).
    Removing stm32f1xx_hal_pwr.o(.rev16_text), (4 bytes).
    Removing stm32f1xx_hal_pwr.o(.revsh_text), (4 bytes).
    Removing stm32f1xx_hal_pwr.o(.rrx_text), (6 bytes).
    Removing stm32f1xx_hal_pwr.o(i.HAL_PWR_ConfigPVD), (124 bytes).
    Removing stm32f1xx_hal_pwr.o(i.HAL_PWR_DeInit), (24 bytes).
    Removing stm32f1xx_hal_pwr.o(i.HAL_PWR_DisableBkUpAccess), (12 bytes).
    Removing stm32f1xx_hal_pwr.o(i.HAL_PWR_DisablePVD), (12 bytes).
    Removing stm32f1xx_hal_pwr.o(i.HAL_PWR_DisableSEVOnPend), (16 bytes).
    Removing stm32f1xx_hal_pwr.o(i.HAL_PWR_DisableSleepOnExit), (16 bytes).
    Removing stm32f1xx_hal_pwr.o(i.HAL_PWR_DisableWakeUpPin), (28 bytes).
    Removing stm32f1xx_hal_pwr.o(i.HAL_PWR_EnableBkUpAccess), (12 bytes).
    Removing stm32f1xx_hal_pwr.o(i.HAL_PWR_EnablePVD), (12 bytes).
    Removing stm32f1xx_hal_pwr.o(i.HAL_PWR_EnableSEVOnPend), (16 bytes).
    Removing stm32f1xx_hal_pwr.o(i.HAL_PWR_EnableSleepOnExit), (16 bytes).
    Removing stm32f1xx_hal_pwr.o(i.HAL_PWR_EnableWakeUpPin), (28 bytes).
    Removing stm32f1xx_hal_pwr.o(i.HAL_PWR_EnterSLEEPMode), (32 bytes).
    Removing stm32f1xx_hal_pwr.o(i.HAL_PWR_EnterSTANDBYMode), (32 bytes).
    Removing stm32f1xx_hal_pwr.o(i.HAL_PWR_EnterSTOPMode), (68 bytes).
    Removing stm32f1xx_hal_pwr.o(i.HAL_PWR_PVDCallback), (2 bytes).
    Removing stm32f1xx_hal_pwr.o(i.HAL_PWR_PVD_IRQHandler), (28 bytes).
    Removing stm32f1xx_hal_pwr.o(i.PWR_OverloadWfe), (6 bytes).
    Removing stm32f1xx_hal_flash.o(.rev16_text), (4 bytes).
    Removing stm32f1xx_hal_flash.o(.revsh_text), (4 bytes).
    Removing stm32f1xx_hal_flash.o(.rrx_text), (6 bytes).
    Removing stm32f1xx_hal_flash.o(i.FLASH_Program_HalfWord), (28 bytes).
    Removing stm32f1xx_hal_flash.o(i.FLASH_SetErrorCode), (92 bytes).
    Removing stm32f1xx_hal_flash.o(i.FLASH_WaitForLastOperation), (84 bytes).
    Removing stm32f1xx_hal_flash.o(i.HAL_FLASH_EndOfOperationCallback), (2 bytes).
    Removing stm32f1xx_hal_flash.o(i.HAL_FLASH_GetError), (12 bytes).
    Removing stm32f1xx_hal_flash.o(i.HAL_FLASH_IRQHandler), (264 bytes).
    Removing stm32f1xx_hal_flash.o(i.HAL_FLASH_Lock), (20 bytes).
    Removing stm32f1xx_hal_flash.o(i.HAL_FLASH_OB_Launch), (4 bytes).
    Removing stm32f1xx_hal_flash.o(i.HAL_FLASH_OB_Lock), (20 bytes).
    Removing stm32f1xx_hal_flash.o(i.HAL_FLASH_OB_Unlock), (36 bytes).
    Removing stm32f1xx_hal_flash.o(i.HAL_FLASH_OperationErrorCallback), (2 bytes).
    Removing stm32f1xx_hal_flash.o(i.HAL_FLASH_Program), (128 bytes).
    Removing stm32f1xx_hal_flash.o(i.HAL_FLASH_Program_IT), (100 bytes).
    Removing stm32f1xx_hal_flash.o(i.HAL_FLASH_Unlock), (40 bytes).
    Removing stm32f1xx_hal_flash.o(.bss), (32 bytes).
    Removing stm32f1xx_hal_flash_ex.o(.rev16_text), (4 bytes).
    Removing stm32f1xx_hal_flash_ex.o(.revsh_text), (4 bytes).
    Removing stm32f1xx_hal_flash_ex.o(.rrx_text), (6 bytes).
    Removing stm32f1xx_hal_flash_ex.o(i.FLASH_MassErase), (36 bytes).
    Removing stm32f1xx_hal_flash_ex.o(i.FLASH_OB_DisableWRP), (176 bytes).
    Removing stm32f1xx_hal_flash_ex.o(i.FLASH_OB_EnableWRP), (176 bytes).
    Removing stm32f1xx_hal_flash_ex.o(i.FLASH_OB_GetRDP), (24 bytes).
    Removing stm32f1xx_hal_flash_ex.o(i.FLASH_OB_RDP_LevelConfig), (100 bytes).
    Removing stm32f1xx_hal_flash_ex.o(i.FLASH_PageErase), (36 bytes).
    Removing stm32f1xx_hal_flash_ex.o(i.HAL_FLASHEx_Erase), (168 bytes).
    Removing stm32f1xx_hal_flash_ex.o(i.HAL_FLASHEx_Erase_IT), (84 bytes).
    Removing stm32f1xx_hal_flash_ex.o(i.HAL_FLASHEx_OBErase), (84 bytes).
    Removing stm32f1xx_hal_flash_ex.o(i.HAL_FLASHEx_OBGetConfig), (36 bytes).
    Removing stm32f1xx_hal_flash_ex.o(i.HAL_FLASHEx_OBGetUserData), (32 bytes).
    Removing stm32f1xx_hal_flash_ex.o(i.HAL_FLASHEx_OBProgram), (200 bytes).
    Removing system_stm32f1xx.o(.rev16_text), (4 bytes).
    Removing system_stm32f1xx.o(.revsh_text), (4 bytes).
    Removing system_stm32f1xx.o(.rrx_text), (6 bytes).
    Removing system_stm32f1xx.o(i.SystemCoreClockUpdate), (104 bytes).

247 unused section(s) (total 12538 bytes) removed from the image.

==============================================================================

Image Symbol Table

    Local Symbols

    Symbol Name                              Value     Ov Type        Size  Object(Section)

    ../Drivers/STM32F1xx_HAL_Driver/Src/stm32f1xx_hal.c 0x00000000   Number         0  stm32f1xx_hal.o ABSOLUTE
    ../Drivers/STM32F1xx_HAL_Driver/Src/stm32f1xx_hal_cortex.c 0x00000000   Number         0  stm32f1xx_hal_cortex.o ABSOLUTE
    ../Drivers/STM32F1xx_HAL_Driver/Src/stm32f1xx_hal_dma.c 0x00000000   Number         0  stm32f1xx_hal_dma.o ABSOLUTE
    ../Drivers/STM32F1xx_HAL_Driver/Src/stm32f1xx_hal_flash.c 0x00000000   Number         0  stm32f1xx_hal_flash.o ABSOLUTE
    ../Drivers/STM32F1xx_HAL_Driver/Src/stm32f1xx_hal_flash_ex.c 0x00000000   Number         0  stm32f1xx_hal_flash_ex.o ABSOLUTE
    ../Drivers/STM32F1xx_HAL_Driver/Src/stm32f1xx_hal_gpio.c 0x00000000   Number         0  stm32f1xx_hal_gpio.o ABSOLUTE
    ../Drivers/STM32F1xx_HAL_Driver/Src/stm32f1xx_hal_gpio_ex.c 0x00000000   Number         0  stm32f1xx_hal_gpio_ex.o ABSOLUTE
    ../Drivers/STM32F1xx_HAL_Driver/Src/stm32f1xx_hal_pwr.c 0x00000000   Number         0  stm32f1xx_hal_pwr.o ABSOLUTE
    ../Drivers/STM32F1xx_HAL_Driver/Src/stm32f1xx_hal_rcc.c 0x00000000   Number         0  stm32f1xx_hal_rcc.o ABSOLUTE
    ../Drivers/STM32F1xx_HAL_Driver/Src/stm32f1xx_hal_rcc_ex.c 0x00000000   Number         0  stm32f1xx_hal_rcc_ex.o ABSOLUTE
    ../Drivers/STM32F1xx_HAL_Driver/Src/stm32f1xx_hal_tim.c 0x00000000   Number         0  stm32f1xx_hal_tim.o ABSOLUTE
    ../Drivers/STM32F1xx_HAL_Driver/Src/stm32f1xx_hal_tim_ex.c 0x00000000   Number         0  stm32f1xx_hal_tim_ex.o ABSOLUTE
    ../Drivers/STM32F1xx_HAL_Driver/Src/stm32f1xx_hal_uart.c 0x00000000   Number         0  stm32f1xx_hal_uart.o ABSOLUTE
    ../Src/gpio.c                            0x00000000   Number         0  gpio.o ABSOLUTE
    ../Src/main.c                            0x00000000   Number         0  main.o ABSOLUTE
    ../Src/stm32f1xx_hal_msp.c               0x00000000   Number         0  stm32f1xx_hal_msp.o ABSOLUTE
    ../Src/stm32f1xx_it.c                    0x00000000   Number         0  stm32f1xx_it.o ABSOLUTE
    ../Src/system_stm32f1xx.c                0x00000000   Number         0  system_stm32f1xx.o ABSOLUTE
    ../Src/usart.c                           0x00000000   Number         0  usart.o ABSOLUTE
    ../clib/../cmprslib/zerorunl2.c          0x00000000   Number         0  __dczerorl2.o ABSOLUTE
    ../clib/microlib/init/entry.s            0x00000000   Number         0  entry9b.o ABSOLUTE
    ../clib/microlib/init/entry.s            0x00000000   Number         0  entry.o ABSOLUTE
    ../clib/microlib/init/entry.s            0x00000000   Number         0  entry2.o ABSOLUTE
    ../clib/microlib/init/entry.s            0x00000000   Number         0  entry5.o ABSOLUTE
    ../clib/microlib/init/entry.s            0x00000000   Number         0  entry7a.o ABSOLUTE
    ../clib/microlib/init/entry.s            0x00000000   Number         0  entry10a.o ABSOLUTE
    ../clib/microlib/init/entry.s            0x00000000   Number         0  entry7b.o ABSOLUTE
    ../clib/microlib/init/entry.s            0x00000000   Number         0  entry8a.o ABSOLUTE
    ../clib/microlib/init/entry.s            0x00000000   Number         0  entry8b.o ABSOLUTE
    ../clib/microlib/init/entry.s            0x00000000   Number         0  entry9a.o ABSOLUTE
    ../clib/microlib/init/entry.s            0x00000000   Number         0  entry11b.o ABSOLUTE
    ../clib/microlib/init/entry.s            0x00000000   Number         0  entry11a.o ABSOLUTE
    ../clib/microlib/init/entry.s            0x00000000   Number         0  entry10b.o ABSOLUTE
    ../clib/microlib/longlong.c              0x00000000   Number         0  llushr.o ABSOLUTE
    ../clib/microlib/string/memset.c         0x00000000   Number         0  memseta.o ABSOLUTE
    ..\Drivers\STM32F1xx_HAL_Driver\Src\stm32f1xx_hal.c 0x00000000   Number         0  stm32f1xx_hal.o ABSOLUTE
    ..\Drivers\STM32F1xx_HAL_Driver\Src\stm32f1xx_hal_cortex.c 0x00000000   Number         0  stm32f1xx_hal_cortex.o ABSOLUTE
    ..\Drivers\STM32F1xx_HAL_Driver\Src\stm32f1xx_hal_dma.c 0x00000000   Number         0  stm32f1xx_hal_dma.o ABSOLUTE
    ..\Drivers\STM32F1xx_HAL_Driver\Src\stm32f1xx_hal_flash.c 0x00000000   Number         0  stm32f1xx_hal_flash.o ABSOLUTE
    ..\Drivers\STM32F1xx_HAL_Driver\Src\stm32f1xx_hal_flash_ex.c 0x00000000   Number         0  stm32f1xx_hal_flash_ex.o ABSOLUTE
    ..\Drivers\STM32F1xx_HAL_Driver\Src\stm32f1xx_hal_gpio.c 0x00000000   Number         0  stm32f1xx_hal_gpio.o ABSOLUTE
    ..\Drivers\STM32F1xx_HAL_Driver\Src\stm32f1xx_hal_gpio_ex.c 0x00000000   Number         0  stm32f1xx_hal_gpio_ex.o ABSOLUTE
    ..\Drivers\STM32F1xx_HAL_Driver\Src\stm32f1xx_hal_pwr.c 0x00000000   Number         0  stm32f1xx_hal_pwr.o ABSOLUTE
    ..\Drivers\STM32F1xx_HAL_Driver\Src\stm32f1xx_hal_rcc.c 0x00000000   Number         0  stm32f1xx_hal_rcc.o ABSOLUTE
    ..\Drivers\STM32F1xx_HAL_Driver\Src\stm32f1xx_hal_rcc_ex.c 0x00000000   Number         0  stm32f1xx_hal_rcc_ex.o ABSOLUTE
    ..\Drivers\STM32F1xx_HAL_Driver\Src\stm32f1xx_hal_tim.c 0x00000000   Number         0  stm32f1xx_hal_tim.o ABSOLUTE
    ..\Drivers\STM32F1xx_HAL_Driver\Src\stm32f1xx_hal_tim_ex.c 0x00000000   Number         0  stm32f1xx_hal_tim_ex.o ABSOLUTE
    ..\Drivers\STM32F1xx_HAL_Driver\Src\stm32f1xx_hal_uart.c 0x00000000   Number         0  stm32f1xx_hal_uart.o ABSOLUTE
    ..\Src\delay.c                           0x00000000   Number         0  delay.o ABSOLUTE
    ..\Src\display.c                         0x00000000   Number         0  display.o ABSOLUTE
    ..\Src\gpio.c                            0x00000000   Number         0  gpio.o ABSOLUTE
    ..\Src\key.c                             0x00000000   Number         0  key.o ABSOLUTE
    ..\Src\main.c                            0x00000000   Number         0  main.o ABSOLUTE
    ..\Src\menu.c                            0x00000000   Number         0  menu.o ABSOLUTE
    ..\Src\oled.c                            0x00000000   Number         0  oled.o ABSOLUTE
    ..\Src\protocol.c                        0x00000000   Number         0  protocol.o ABSOLUTE
    ..\Src\stm32f1xx_hal_msp.c               0x00000000   Number         0  stm32f1xx_hal_msp.o ABSOLUTE
    ..\Src\stm32f1xx_it.c                    0x00000000   Number         0  stm32f1xx_it.o ABSOLUTE
    ..\Src\system_stm32f1xx.c                0x00000000   Number         0  system_stm32f1xx.o ABSOLUTE
    ..\Src\usart.c                           0x00000000   Number         0  usart.o ABSOLUTE
    ..\\Src\\delay.c                         0x00000000   Number         0  delay.o ABSOLUTE
    ..\\Src\\display.c                       0x00000000   Number         0  display.o ABSOLUTE
    ..\\Src\\key.c                           0x00000000   Number         0  key.o ABSOLUTE
    ..\\Src\\menu.c                          0x00000000   Number         0  menu.o ABSOLUTE
    ..\\Src\\oled.c                          0x00000000   Number         0  oled.o ABSOLUTE
    ..\\Src\\protocol.c                      0x00000000   Number         0  protocol.o ABSOLUTE
    dc.s                                     0x00000000   Number         0  dc.o ABSOLUTE
    handlers.s                               0x00000000   Number         0  handlers.o ABSOLUTE
    init.s                                   0x00000000   Number         0  init.o ABSOLUTE
    startup_stm32f103xe.s                    0x00000000   Number         0  startup_stm32f103xe.o ABSOLUTE
    RESET                                    0x08000000   Section      304  startup_stm32f103xe.o(RESET)
    .ARM.Collect$$$$00000000                 0x08000130   Section        0  entry.o(.ARM.Collect$$$$00000000)
    .ARM.Collect$$$$00000001                 0x08000130   Section        4  entry2.o(.ARM.Collect$$$$00000001)
    .ARM.Collect$$$$00000004                 0x08000134   Section        4  entry5.o(.ARM.Collect$$$$00000004)
    .ARM.Collect$$$$00000008                 0x08000138   Section        0  entry7b.o(.ARM.Collect$$$$00000008)
    .ARM.Collect$$$$0000000A                 0x08000138   Section        0  entry8b.o(.ARM.Collect$$$$0000000A)
    .ARM.Collect$$$$0000000B                 0x08000138   Section        8  entry9a.o(.ARM.Collect$$$$0000000B)
    .ARM.Collect$$$$0000000D                 0x08000140   Section        0  entry10a.o(.ARM.Collect$$$$0000000D)
    .ARM.Collect$$$$0000000F                 0x08000140   Section        0  entry11a.o(.ARM.Collect$$$$0000000F)
    .ARM.Collect$$$$00002712                 0x08000140   Section        4  entry2.o(.ARM.Collect$$$$00002712)
    __lit__00000000                          0x08000140   Data           4  entry2.o(.ARM.Collect$$$$00002712)
    .text                                    0x08000144   Section       36  startup_stm32f103xe.o(.text)
    .text                                    0x08000168   Section        0  memseta.o(.text)
    .text                                    0x0800018c   Section       36  init.o(.text)
    .text                                    0x080001b0   Section        0  __dczerorl2.o(.text)
    i.BusFault_Handler                       0x08000206   Section        0  stm32f1xx_it.o(i.BusFault_Handler)
    i.CallbackDisplay1_1                     0x08000208   Section        0  menu.o(i.CallbackDisplay1_1)
    i.CallbackDisplay1_2                     0x08000228   Section        0  menu.o(i.CallbackDisplay1_2)
    i.CallbackDisplay1_3                     0x08000248   Section        0  menu.o(i.CallbackDisplay1_3)
    i.CallbackDisplay2_1                     0x08000268   Section        0  menu.o(i.CallbackDisplay2_1)
    i.CallbackDisplay2_2                     0x080002a0   Section        0  menu.o(i.CallbackDisplay2_2)
    i.CallbackDisplay2_3                     0x080002d8   Section        0  menu.o(i.CallbackDisplay2_3)
    i.CallbackDisplay2_4                     0x08000310   Section        0  menu.o(i.CallbackDisplay2_4)
    i.CallbackDisplay2_5                     0x08000348   Section        0  menu.o(i.CallbackDisplay2_5)
    i.CallbackDisplay2_6                     0x08000380   Section        0  menu.o(i.CallbackDisplay2_6)
    i.CallbackDisplay3_1                     0x080003b8   Section        0  menu.o(i.CallbackDisplay3_1)
    i.CallbackDisplay3_2                     0x080003f0   Section        0  menu.o(i.CallbackDisplay3_2)
    i.CallbackDisplay4_1                     0x08000428   Section        0  menu.o(i.CallbackDisplay4_1)
    i.DebugMon_Handler                       0x08000448   Section        0  stm32f1xx_it.o(i.DebugMon_Handler)
    i.Error_Handler                          0x0800044a   Section        0  main.o(i.Error_Handler)
    i.HAL_GPIO_Init                          0x0800044c   Section        0  stm32f1xx_hal_gpio.o(i.HAL_GPIO_Init)
    i.HAL_GPIO_ReadPin                       0x08000634   Section        0  stm32f1xx_hal_gpio.o(i.HAL_GPIO_ReadPin)
    i.HAL_GPIO_WritePin                      0x0800063e   Section        0  stm32f1xx_hal_gpio.o(i.HAL_GPIO_WritePin)
    i.HAL_GetTick                            0x08000648   Section        0  stm32f1xx_hal.o(i.HAL_GetTick)
    i.HAL_IncTick                            0x08000654   Section        0  stm32f1xx_hal.o(i.HAL_IncTick)
    i.HAL_Init                               0x08000664   Section        0  stm32f1xx_hal.o(i.HAL_Init)
    i.HAL_InitTick                           0x08000688   Section        0  stm32f1xx_hal.o(i.HAL_InitTick)
    i.HAL_MspInit                            0x080006c8   Section        0  stm32f1xx_hal_msp.o(i.HAL_MspInit)
    i.HAL_NVIC_SetPriority                   0x08000700   Section        0  stm32f1xx_hal_cortex.o(i.HAL_NVIC_SetPriority)
    i.HAL_NVIC_SetPriorityGrouping           0x08000740   Section        0  stm32f1xx_hal_cortex.o(i.HAL_NVIC_SetPriorityGrouping)
    i.HAL_RCC_ClockConfig                    0x08000764   Section        0  stm32f1xx_hal_rcc.o(i.HAL_RCC_ClockConfig)
    i.HAL_RCC_GetPCLK1Freq                   0x080008d0   Section        0  stm32f1xx_hal_rcc.o(i.HAL_RCC_GetPCLK1Freq)
    i.HAL_RCC_GetPCLK2Freq                   0x080008f0   Section        0  stm32f1xx_hal_rcc.o(i.HAL_RCC_GetPCLK2Freq)
    i.HAL_RCC_GetSysClockFreq                0x08000910   Section        0  stm32f1xx_hal_rcc.o(i.HAL_RCC_GetSysClockFreq)
    i.HAL_RCC_OscConfig                      0x0800097c   Section        0  stm32f1xx_hal_rcc.o(i.HAL_RCC_OscConfig)
    i.HAL_SYSTICK_Config                     0x08000c80   Section        0  stm32f1xx_hal_cortex.o(i.HAL_SYSTICK_Config)
    i.HAL_UART_GetState                      0x08000ca8   Section        0  stm32f1xx_hal_uart.o(i.HAL_UART_GetState)
    i.HAL_UART_Init                          0x08000cb2   Section        0  stm32f1xx_hal_uart.o(i.HAL_UART_Init)
    i.HAL_UART_MspInit                       0x08000d14   Section        0  usart.o(i.HAL_UART_MspInit)
    i.HAL_UART_Transmit                      0x08000d84   Section        0  stm32f1xx_hal_uart.o(i.HAL_UART_Transmit)
    i.HardFault_Handler                      0x08000e3e   Section        0  stm32f1xx_it.o(i.HardFault_Handler)
    i.KeyCallbackConfirm1_1                  0x08000e40   Section        0  menu.o(i.KeyCallbackConfirm1_1)
    i.KeyCallbackConfirm1_2                  0x08000e68   Section        0  menu.o(i.KeyCallbackConfirm1_2)
    i.KeyCallbackConfirm1_3                  0x08000e90   Section        0  menu.o(i.KeyCallbackConfirm1_3)
    i.KeyCallbackConfirm2_1                  0x08000eb8   Section        0  menu.o(i.KeyCallbackConfirm2_1)
    i.KeyCallbackConfirm2_2                  0x08000f18   Section        0  menu.o(i.KeyCallbackConfirm2_2)
    i.KeyCallbackConfirm2_3                  0x08000f78   Section        0  menu.o(i.KeyCallbackConfirm2_3)
    i.KeyCallbackConfirm2_4                  0x08000fd8   Section        0  menu.o(i.KeyCallbackConfirm2_4)
    i.KeyCallbackConfirm2_5                  0x08001038   Section        0  menu.o(i.KeyCallbackConfirm2_5)
    i.KeyCallbackConfirm2_6                  0x08001098   Section        0  menu.o(i.KeyCallbackConfirm2_6)
    i.KeyCallbackConfirm3_1                  0x080010f8   Section        0  menu.o(i.KeyCallbackConfirm3_1)
    i.KeyCallbackConfirm3_2                  0x08001158   Section        0  menu.o(i.KeyCallbackConfirm3_2)
    i.KeyCallbackConfirm4_1                  0x080011b8   Section        0  menu.o(i.KeyCallbackConfirm4_1)
    i.KeyCallbackMinus1_1                    0x080011ba   Section        0  menu.o(i.KeyCallbackMinus1_1)
    i.KeyCallbackMinus1_2                    0x080011bc   Section        0  menu.o(i.KeyCallbackMinus1_2)
    i.KeyCallbackMinus1_3                    0x080011be   Section        0  menu.o(i.KeyCallbackMinus1_3)
    i.KeyCallbackMinus2_2                    0x080011c0   Section        0  menu.o(i.KeyCallbackMinus2_2)
    i.KeyCallbackMinus2_3                    0x080011f8   Section        0  menu.o(i.KeyCallbackMinus2_3)
    i.KeyCallbackMinus2_4                    0x08001230   Section        0  menu.o(i.KeyCallbackMinus2_4)
    i.KeyCallbackMinus2_5                    0x08001268   Section        0  menu.o(i.KeyCallbackMinus2_5)
    i.KeyCallbackMinus2_6                    0x080012a0   Section        0  menu.o(i.KeyCallbackMinus2_6)
    i.KeyCallbackMinus3_1                    0x080012d8   Section        0  menu.o(i.KeyCallbackMinus3_1)
    i.KeyCallbackMinus3_2                    0x0800130c   Section        0  menu.o(i.KeyCallbackMinus3_2)
    i.KeyCallbackMinus4_1                    0x08001344   Section        0  menu.o(i.KeyCallbackMinus4_1)
    i.KeyCallbackMiuns2_1                    0x08001348   Section        0  menu.o(i.KeyCallbackMiuns2_1)
    i.KeyCallbackPlus1_1                     0x08001380   Section        0  menu.o(i.KeyCallbackPlus1_1)
    i.KeyCallbackPlus1_2                     0x08001382   Section        0  menu.o(i.KeyCallbackPlus1_2)
    i.KeyCallbackPlus1_3                     0x08001384   Section        0  menu.o(i.KeyCallbackPlus1_3)
    i.KeyCallbackPlus2_1                     0x08001388   Section        0  menu.o(i.KeyCallbackPlus2_1)
    i.KeyCallbackPlus2_2                     0x080013c0   Section        0  menu.o(i.KeyCallbackPlus2_2)
    i.KeyCallbackPlus2_3                     0x080013f8   Section        0  menu.o(i.KeyCallbackPlus2_3)
    i.KeyCallbackPlus2_4                     0x08001430   Section        0  menu.o(i.KeyCallbackPlus2_4)
    i.KeyCallbackPlus2_5                     0x08001468   Section        0  menu.o(i.KeyCallbackPlus2_5)
    i.KeyCallbackPlus2_6                     0x080014a0   Section        0  menu.o(i.KeyCallbackPlus2_6)
    i.KeyCallbackPlus3_1                     0x080014d8   Section        0  menu.o(i.KeyCallbackPlus3_1)
    i.KeyCallbackPlus3_2                     0x0800150c   Section        0  menu.o(i.KeyCallbackPlus3_2)
    i.KeyCallbackPlus4_1                     0x08001544   Section        0  menu.o(i.KeyCallbackPlus4_1)
    i.MX_GPIO_Init                           0x08001548   Section        0  gpio.o(i.MX_GPIO_Init)
    i.MX_USART1_UART_Init                    0x0800166c   Section        0  usart.o(i.MX_USART1_UART_Init)
    i.MemManage_Handler                      0x080016a4   Section        0  stm32f1xx_it.o(i.MemManage_Handler)
    i.NMI_Handler                            0x080016a6   Section        0  stm32f1xx_it.o(i.NMI_Handler)
    i.NVIC_SetPriority                       0x080016a8   Section        0  stm32f1xx_hal_cortex.o(i.NVIC_SetPriority)
    NVIC_SetPriority                         0x080016a9   Thumb Code    32  stm32f1xx_hal_cortex.o(i.NVIC_SetPriority)
    i.OLED_Clear                             0x080016c8   Section        0  oled.o(i.OLED_Clear)
    i.OLED_DrawPoint                         0x080016f4   Section        0  oled.o(i.OLED_DrawPoint)
    i.OLED_DrawRectangle                     0x08001730   Section        0  oled.o(i.OLED_DrawRectangle)
    i.OLED_Init                              0x080017a0   Section        0  oled.o(i.OLED_Init)
    i.OLED_Pow                               0x080018f4   Section        0  oled.o(i.OLED_Pow)
    i.OLED_Refresh_Gram                      0x08001904   Section        0  oled.o(i.OLED_Refresh_Gram)
    i.OLED_Set_Pos                           0x0800194c   Section        0  oled.o(i.OLED_Set_Pos)
    i.OLED_ShowChar                          0x0800197c   Section        0  oled.o(i.OLED_ShowChar)
    i.OLED_ShowNum                           0x08001a10   Section        0  oled.o(i.OLED_ShowNum)
    i.OLED_ShowString                        0x08001a7e   Section        0  oled.o(i.OLED_ShowString)
    i.OLED_WR_Byte                           0x08001adc   Section        0  oled.o(i.OLED_WR_Byte)
    i.PendSV_Handler                         0x08001b4c   Section        0  stm32f1xx_it.o(i.PendSV_Handler)
    i.SVC_Handler                            0x08001b4e   Section        0  stm32f1xx_it.o(i.SVC_Handler)
    i.SysTick_Handler                        0x08001b50   Section        0  stm32f1xx_it.o(i.SysTick_Handler)
    i.SystemClock_Config                     0x08001b54   Section        0  main.o(i.SystemClock_Config)
    i.SystemInit                             0x08001ba4   Section        0  system_stm32f1xx.o(i.SystemInit)
    i.UART_SetConfig                         0x08001bec   Section        0  stm32f1xx_hal_uart.o(i.UART_SetConfig)
    UART_SetConfig                           0x08001bed   Thumb Code   364  stm32f1xx_hal_uart.o(i.UART_SetConfig)
    i.UART_WaitOnFlagUntilTimeout            0x08001d5c   Section        0  stm32f1xx_hal_uart.o(i.UART_WaitOnFlagUntilTimeout)
    UART_WaitOnFlagUntilTimeout              0x08001d5d   Thumb Code   100  stm32f1xx_hal_uart.o(i.UART_WaitOnFlagUntilTimeout)
    i.UsageFault_Handler                     0x08001dc0   Section        0  stm32f1xx_it.o(i.UsageFault_Handler)
    i.__scatterload_copy                     0x08001dc2   Section       14  handlers.o(i.__scatterload_copy)
    i.__scatterload_null                     0x08001dd0   Section        2  handlers.o(i.__scatterload_null)
    i.__scatterload_zeroinit                 0x08001dd2   Section       14  handlers.o(i.__scatterload_zeroinit)
    i.delay_ms                               0x08001de0   Section        0  delay.o(i.delay_ms)
    i.delay_us                               0x08001e04   Section        0  delay.o(i.delay_us)
    i.detectKey                              0x08001e28   Section        0  key.o(i.detectKey)
    i.displayMenu                            0x080020bc   Section        0  display.o(i.displayMenu)
    i.displayOled                            0x080020d8   Section        0  display.o(i.displayOled)
    i.displayOption                          0x08002208   Section        0  display.o(i.displayOption)
    i.main                                   0x08002260   Section        0  main.o(i.main)
    i.protocolUart                           0x08002298   Section        0  protocol.o(i.protocolUart)
    i.sumCheck                               0x0800231c   Section        0  protocol.o(i.sumCheck)
    .constdata                               0x08002336   Section     2072  oled.o(.constdata)
    .constdata                               0x08002b4e   Section       16  system_stm32f1xx.o(.constdata)
    .constdata                               0x08002b5e   Section        8  system_stm32f1xx.o(.constdata)
    .conststring                             0x08002b68   Section       21  display.o(.conststring)
    .conststring                             0x08002b80   Section       21  display.o(.conststring)
    .data                                    0x20000000   Section       32  display.o(.data)
    menu                                     0x20000000   Data          32  display.o(.data)
    .data                                    0x20000020   Section       84  display.o(.data)
    Menu_1                                   0x20000020   Data          84  display.o(.data)
    .data                                    0x20000074   Section      168  display.o(.data)
    Menu_2                                   0x20000074   Data         168  display.o(.data)
    .data                                    0x2000011c   Section       56  display.o(.data)
    Menu_3                                   0x2000011c   Data          56  display.o(.data)
    .data                                    0x20000154   Section       28  display.o(.data)
    Menu_4                                   0x20000154   Data          28  display.o(.data)
    .data                                    0x20000170   Section        1  key.o(.data)
    .data                                    0x20000174   Section       32  menu.o(.data)
    menu                                     0x20000174   Data          32  menu.o(.data)
    .data                                    0x20000194   Section      336  menu.o(.data)
    Menu_1                                   0x20000194   Data          84  menu.o(.data)
    Menu_2                                   0x200001e8   Data         168  menu.o(.data)
    Menu_3                                   0x20000290   Data          56  menu.o(.data)
    Menu_4                                   0x200002c8   Data          28  menu.o(.data)
    .data                                    0x200002e4   Section       44  main.o(.data)
    menu                                     0x200002f0   Data          32  main.o(.data)
    .data                                    0x20000310   Section       84  main.o(.data)
    Menu_1                                   0x20000310   Data          84  main.o(.data)
    .data                                    0x20000364   Section      168  main.o(.data)
    Menu_2                                   0x20000364   Data         168  main.o(.data)
    .data                                    0x2000040c   Section       56  main.o(.data)
    Menu_3                                   0x2000040c   Data          56  main.o(.data)
    .data                                    0x20000444   Section       28  main.o(.data)
    Menu_4                                   0x20000444   Data          28  main.o(.data)
    .data                                    0x20000460   Section        1  main.o(.data)
    .data                                    0x20000461   Section        1  main.o(.data)
    .data                                    0x20000462   Section        1  main.o(.data)
    .data                                    0x20000463   Section        1  main.o(.data)
    .data                                    0x20000464   Section        1  main.o(.data)
    .data                                    0x20000465   Section        1  main.o(.data)
    .data                                    0x20000468   Section        4  main.o(.data)
    .data                                    0x2000046c   Section        1  main.o(.data)
    .data                                    0x20000470   Section       12  stm32f1xx_hal.o(.data)
    .data                                    0x2000047c   Section        4  system_stm32f1xx.o(.data)
    .bss                                     0x20000480   Section     1024  oled.o(.bss)
    .bss                                     0x20000880   Section       64  usart.o(.bss)
    .bss                                     0x200008c0   Section      100  protocol.o(.bss)
    txBuffer                                 0x200008c0   Data         100  protocol.o(.bss)
    STACK                                    0x20000928   Section     1024  startup_stm32f103xe.o(STACK)

    Global Symbols

    Symbol Name                              Value     Ov Type        Size  Object(Section)

    BuildAttributes$$THM_ISAv4$P$D$K$B$S$PE$A:L22UL41UL21$X:L11$S22US41US21$IEEE1$IW$USESV6$~STKCKD$USESV7$~SHL$OSPACE$EBA8$MICROLIB$REQ8$PRES8$EABIv2 0x00000000   Number         0  anon$$obj.o ABSOLUTE
    __ARM_use_no_argv                        0x00000000   Number         0  main.o ABSOLUTE
    __cpp_initialize__aeabi_                  - Undefined Weak Reference
    __cxa_finalize                            - Undefined Weak Reference
    _clock_init                               - Undefined Weak Reference
    _microlib_exit                            - Undefined Weak Reference
    __Vectors_Size                           0x00000130   Number         0  startup_stm32f103xe.o ABSOLUTE
    __Vectors                                0x08000000   Data           4  startup_stm32f103xe.o(RESET)
    __Vectors_End                            0x08000130   Data           0  startup_stm32f103xe.o(RESET)
    __main                                   0x08000131   Thumb Code     0  entry.o(.ARM.Collect$$$$00000000)
    _main_stk                                0x08000131   Thumb Code     0  entry2.o(.ARM.Collect$$$$00000001)
    _main_scatterload                        0x08000135   Thumb Code     0  entry5.o(.ARM.Collect$$$$00000004)
    __main_after_scatterload                 0x08000139   Thumb Code     0  entry5.o(.ARM.Collect$$$$00000004)
    _main_clock                              0x08000139   Thumb Code     0  entry7b.o(.ARM.Collect$$$$00000008)
    _main_cpp_init                           0x08000139   Thumb Code     0  entry8b.o(.ARM.Collect$$$$0000000A)
    _main_init                               0x08000139   Thumb Code     0  entry9a.o(.ARM.Collect$$$$0000000B)
    __rt_final_cpp                           0x08000141   Thumb Code     0  entry10a.o(.ARM.Collect$$$$0000000D)
    __rt_final_exit                          0x08000141   Thumb Code     0  entry11a.o(.ARM.Collect$$$$0000000F)
    Reset_Handler                            0x08000145   Thumb Code     8  startup_stm32f103xe.o(.text)
    ADC1_2_IRQHandler                        0x0800015f   Thumb Code     0  startup_stm32f103xe.o(.text)
    ADC3_IRQHandler                          0x0800015f   Thumb Code     0  startup_stm32f103xe.o(.text)
    CAN1_RX1_IRQHandler                      0x0800015f   Thumb Code     0  startup_stm32f103xe.o(.text)
    CAN1_SCE_IRQHandler                      0x0800015f   Thumb Code     0  startup_stm32f103xe.o(.text)
    DMA1_Channel1_IRQHandler                 0x0800015f   Thumb Code     0  startup_stm32f103xe.o(.text)
    DMA1_Channel2_IRQHandler                 0x0800015f   Thumb Code     0  startup_stm32f103xe.o(.text)
    DMA1_Channel3_IRQHandler                 0x0800015f   Thumb Code     0  startup_stm32f103xe.o(.text)
    DMA1_Channel4_IRQHandler                 0x0800015f   Thumb Code     0  startup_stm32f103xe.o(.text)
    DMA1_Channel5_IRQHandler                 0x0800015f   Thumb Code     0  startup_stm32f103xe.o(.text)
    DMA1_Channel6_IRQHandler                 0x0800015f   Thumb Code     0  startup_stm32f103xe.o(.text)
    DMA1_Channel7_IRQHandler                 0x0800015f   Thumb Code     0  startup_stm32f103xe.o(.text)
    DMA2_Channel1_IRQHandler                 0x0800015f   Thumb Code     0  startup_stm32f103xe.o(.text)
    DMA2_Channel2_IRQHandler                 0x0800015f   Thumb Code     0  startup_stm32f103xe.o(.text)
    DMA2_Channel3_IRQHandler                 0x0800015f   Thumb Code     0  startup_stm32f103xe.o(.text)
    DMA2_Channel4_5_IRQHandler               0x0800015f   Thumb Code     0  startup_stm32f103xe.o(.text)
    EXTI0_IRQHandler                         0x0800015f   Thumb Code     0  startup_stm32f103xe.o(.text)
    EXTI15_10_IRQHandler                     0x0800015f   Thumb Code     0  startup_stm32f103xe.o(.text)
    EXTI1_IRQHandler                         0x0800015f   Thumb Code     0  startup_stm32f103xe.o(.text)
    EXTI2_IRQHandler                         0x0800015f   Thumb Code     0  startup_stm32f103xe.o(.text)
    EXTI3_IRQHandler                         0x0800015f   Thumb Code     0  startup_stm32f103xe.o(.text)
    EXTI4_IRQHandler                         0x0800015f   Thumb Code     0  startup_stm32f103xe.o(.text)
    EXTI9_5_IRQHandler                       0x0800015f   Thumb Code     0  startup_stm32f103xe.o(.text)
    FLASH_IRQHandler                         0x0800015f   Thumb Code     0  startup_stm32f103xe.o(.text)
    FSMC_IRQHandler                          0x0800015f   Thumb Code     0  startup_stm32f103xe.o(.text)
    I2C1_ER_IRQHandler                       0x0800015f   Thumb Code     0  startup_stm32f103xe.o(.text)
    I2C1_EV_IRQHandler                       0x0800015f   Thumb Code     0  startup_stm32f103xe.o(.text)
    I2C2_ER_IRQHandler                       0x0800015f   Thumb Code     0  startup_stm32f103xe.o(.text)
    I2C2_EV_IRQHandler                       0x0800015f   Thumb Code     0  startup_stm32f103xe.o(.text)
    PVD_IRQHandler                           0x0800015f   Thumb Code     0  startup_stm32f103xe.o(.text)
    RCC_IRQHandler                           0x0800015f   Thumb Code     0  startup_stm32f103xe.o(.text)
    RTC_Alarm_IRQHandler                     0x0800015f   Thumb Code     0  startup_stm32f103xe.o(.text)
    RTC_IRQHandler                           0x0800015f   Thumb Code     0  startup_stm32f103xe.o(.text)
    SDIO_IRQHandler                          0x0800015f   Thumb Code     0  startup_stm32f103xe.o(.text)
    SPI1_IRQHandler                          0x0800015f   Thumb Code     0  startup_stm32f103xe.o(.text)
    SPI2_IRQHandler                          0x0800015f   Thumb Code     0  startup_stm32f103xe.o(.text)
    SPI3_IRQHandler                          0x0800015f   Thumb Code     0  startup_stm32f103xe.o(.text)
    TAMPER_IRQHandler                        0x0800015f   Thumb Code     0  startup_stm32f103xe.o(.text)
    TIM1_BRK_IRQHandler                      0x0800015f   Thumb Code     0  startup_stm32f103xe.o(.text)
    TIM1_CC_IRQHandler                       0x0800015f   Thumb Code     0  startup_stm32f103xe.o(.text)
    TIM1_TRG_COM_IRQHandler                  0x0800015f   Thumb Code     0  startup_stm32f103xe.o(.text)
    TIM1_UP_IRQHandler                       0x0800015f   Thumb Code     0  startup_stm32f103xe.o(.text)
    TIM2_IRQHandler                          0x0800015f   Thumb Code     0  startup_stm32f103xe.o(.text)
    TIM3_IRQHandler                          0x0800015f   Thumb Code     0  startup_stm32f103xe.o(.text)
    TIM4_IRQHandler                          0x0800015f   Thumb Code     0  startup_stm32f103xe.o(.text)
    TIM5_IRQHandler                          0x0800015f   Thumb Code     0  startup_stm32f103xe.o(.text)
    TIM6_IRQHandler                          0x0800015f   Thumb Code     0  startup_stm32f103xe.o(.text)
    TIM7_IRQHandler                          0x0800015f   Thumb Code     0  startup_stm32f103xe.o(.text)
    TIM8_BRK_IRQHandler                      0x0800015f   Thumb Code     0  startup_stm32f103xe.o(.text)
    TIM8_CC_IRQHandler                       0x0800015f   Thumb Code     0  startup_stm32f103xe.o(.text)
    TIM8_TRG_COM_IRQHandler                  0x0800015f   Thumb Code     0  startup_stm32f103xe.o(.text)
    TIM8_UP_IRQHandler                       0x0800015f   Thumb Code     0  startup_stm32f103xe.o(.text)
    UART4_IRQHandler                         0x0800015f   Thumb Code     0  startup_stm32f103xe.o(.text)
    UART5_IRQHandler                         0x0800015f   Thumb Code     0  startup_stm32f103xe.o(.text)
    USART1_IRQHandler                        0x0800015f   Thumb Code     0  startup_stm32f103xe.o(.text)
    USART2_IRQHandler                        0x0800015f   Thumb Code     0  startup_stm32f103xe.o(.text)
    USART3_IRQHandler                        0x0800015f   Thumb Code     0  startup_stm32f103xe.o(.text)
    USBWakeUp_IRQHandler                     0x0800015f   Thumb Code     0  startup_stm32f103xe.o(.text)
    USB_HP_CAN1_TX_IRQHandler                0x0800015f   Thumb Code     0  startup_stm32f103xe.o(.text)
    USB_LP_CAN1_RX0_IRQHandler               0x0800015f   Thumb Code     0  startup_stm32f103xe.o(.text)
    WWDG_IRQHandler                          0x0800015f   Thumb Code     0  startup_stm32f103xe.o(.text)
    __aeabi_memset                           0x08000169   Thumb Code    14  memseta.o(.text)
    __aeabi_memset4                          0x08000169   Thumb Code     0  memseta.o(.text)
    __aeabi_memset8                          0x08000169   Thumb Code     0  memseta.o(.text)
    __aeabi_memclr                           0x08000177   Thumb Code     4  memseta.o(.text)
    __aeabi_memclr4                          0x08000177   Thumb Code     0  memseta.o(.text)
    __aeabi_memclr8                          0x08000177   Thumb Code     0  memseta.o(.text)
    _memset$wrapper                          0x0800017b   Thumb Code    18  memseta.o(.text)
    __scatterload                            0x0800018d   Thumb Code    28  init.o(.text)
    __scatterload_rt2                        0x0800018d   Thumb Code     0  init.o(.text)
    __decompress                             0x080001b1   Thumb Code     0  __dczerorl2.o(.text)
    __decompress1                            0x080001b1   Thumb Code    86  __dczerorl2.o(.text)
    BusFault_Handler                         0x08000207   Thumb Code     2  stm32f1xx_it.o(i.BusFault_Handler)
    CallbackDisplay1_1                       0x08000209   Thumb Code    26  menu.o(i.CallbackDisplay1_1)
    CallbackDisplay1_2                       0x08000229   Thumb Code    26  menu.o(i.CallbackDisplay1_2)
    CallbackDisplay1_3                       0x08000249   Thumb Code    26  menu.o(i.CallbackDisplay1_3)
    CallbackDisplay2_1                       0x08000269   Thumb Code    46  menu.o(i.CallbackDisplay2_1)
    CallbackDisplay2_2                       0x080002a1   Thumb Code    46  menu.o(i.CallbackDisplay2_2)
    CallbackDisplay2_3                       0x080002d9   Thumb Code    46  menu.o(i.CallbackDisplay2_3)
    CallbackDisplay2_4                       0x08000311   Thumb Code    46  menu.o(i.CallbackDisplay2_4)
    CallbackDisplay2_5                       0x08000349   Thumb Code    46  menu.o(i.CallbackDisplay2_5)
    CallbackDisplay2_6                       0x08000381   Thumb Code    48  menu.o(i.CallbackDisplay2_6)
    CallbackDisplay3_1                       0x080003b9   Thumb Code    46  menu.o(i.CallbackDisplay3_1)
    CallbackDisplay3_2                       0x080003f1   Thumb Code    46  menu.o(i.CallbackDisplay3_2)
    CallbackDisplay4_1                       0x08000429   Thumb Code    26  menu.o(i.CallbackDisplay4_1)
    DebugMon_Handler                         0x08000449   Thumb Code     2  stm32f1xx_it.o(i.DebugMon_Handler)
    Error_Handler                            0x0800044b   Thumb Code     2  main.o(i.Error_Handler)
    HAL_GPIO_Init                            0x0800044d   Thumb Code   446  stm32f1xx_hal_gpio.o(i.HAL_GPIO_Init)
    HAL_GPIO_ReadPin                         0x08000635   Thumb Code    10  stm32f1xx_hal_gpio.o(i.HAL_GPIO_ReadPin)
    HAL_GPIO_WritePin                        0x0800063f   Thumb Code    10  stm32f1xx_hal_gpio.o(i.HAL_GPIO_WritePin)
    HAL_GetTick                              0x08000649   Thumb Code     6  stm32f1xx_hal.o(i.HAL_GetTick)
    HAL_IncTick                              0x08000655   Thumb Code    12  stm32f1xx_hal.o(i.HAL_IncTick)
    HAL_Init                                 0x08000665   Thumb Code    32  stm32f1xx_hal.o(i.HAL_Init)
    HAL_InitTick                             0x08000689   Thumb Code    54  stm32f1xx_hal.o(i.HAL_InitTick)
    HAL_MspInit                              0x080006c9   Thumb Code    48  stm32f1xx_hal_msp.o(i.HAL_MspInit)
    HAL_NVIC_SetPriority                     0x08000701   Thumb Code    60  stm32f1xx_hal_cortex.o(i.HAL_NVIC_SetPriority)
    HAL_NVIC_SetPriorityGrouping             0x08000741   Thumb Code    26  stm32f1xx_hal_cortex.o(i.HAL_NVIC_SetPriorityGrouping)
    HAL_RCC_ClockConfig                      0x08000765   Thumb Code   346  stm32f1xx_hal_rcc.o(i.HAL_RCC_ClockConfig)
    HAL_RCC_GetPCLK1Freq                     0x080008d1   Thumb Code    20  stm32f1xx_hal_rcc.o(i.HAL_RCC_GetPCLK1Freq)
    HAL_RCC_GetPCLK2Freq                     0x080008f1   Thumb Code    20  stm32f1xx_hal_rcc.o(i.HAL_RCC_GetPCLK2Freq)
    HAL_RCC_GetSysClockFreq                  0x08000911   Thumb Code    74  stm32f1xx_hal_rcc.o(i.HAL_RCC_GetSysClockFreq)
    HAL_RCC_OscConfig                        0x0800097d   Thumb Code   750  stm32f1xx_hal_rcc.o(i.HAL_RCC_OscConfig)
    HAL_SYSTICK_Config                       0x08000c81   Thumb Code    40  stm32f1xx_hal_cortex.o(i.HAL_SYSTICK_Config)
    HAL_UART_GetState                        0x08000ca9   Thumb Code    10  stm32f1xx_hal_uart.o(i.HAL_UART_GetState)
    HAL_UART_Init                            0x08000cb3   Thumb Code    98  stm32f1xx_hal_uart.o(i.HAL_UART_Init)
    HAL_UART_MspInit                         0x08000d15   Thumb Code   100  usart.o(i.HAL_UART_MspInit)
    HAL_UART_Transmit                        0x08000d85   Thumb Code   186  stm32f1xx_hal_uart.o(i.HAL_UART_Transmit)
    HardFault_Handler                        0x08000e3f   Thumb Code     2  stm32f1xx_it.o(i.HardFault_Handler)
    KeyCallbackConfirm1_1                    0x08000e41   Thumb Code    30  menu.o(i.KeyCallbackConfirm1_1)
    KeyCallbackConfirm1_2                    0x08000e69   Thumb Code    30  menu.o(i.KeyCallbackConfirm1_2)
    KeyCallbackConfirm1_3                    0x08000e91   Thumb Code    30  menu.o(i.KeyCallbackConfirm1_3)
    KeyCallbackConfirm2_1                    0x08000eb9   Thumb Code    62  menu.o(i.KeyCallbackConfirm2_1)
    KeyCallbackConfirm2_2                    0x08000f19   Thumb Code    62  menu.o(i.KeyCallbackConfirm2_2)
    KeyCallbackConfirm2_3                    0x08000f79   Thumb Code    62  menu.o(i.KeyCallbackConfirm2_3)
    KeyCallbackConfirm2_4                    0x08000fd9   Thumb Code    62  menu.o(i.KeyCallbackConfirm2_4)
    KeyCallbackConfirm2_5                    0x08001039   Thumb Code    62  menu.o(i.KeyCallbackConfirm2_5)
    KeyCallbackConfirm2_6                    0x08001099   Thumb Code    62  menu.o(i.KeyCallbackConfirm2_6)
    KeyCallbackConfirm3_1                    0x080010f9   Thumb Code    62  menu.o(i.KeyCallbackConfirm3_1)
    KeyCallbackConfirm3_2                    0x08001159   Thumb Code    62  menu.o(i.KeyCallbackConfirm3_2)
    KeyCallbackConfirm4_1                    0x080011b9   Thumb Code     2  menu.o(i.KeyCallbackConfirm4_1)
    KeyCallbackMinus1_1                      0x080011bb   Thumb Code     2  menu.o(i.KeyCallbackMinus1_1)
    KeyCallbackMinus1_2                      0x080011bd   Thumb Code     2  menu.o(i.KeyCallbackMinus1_2)
    KeyCallbackMinus1_3                      0x080011bf   Thumb Code     2  menu.o(i.KeyCallbackMinus1_3)
    KeyCallbackMinus2_2                      0x080011c1   Thumb Code    50  menu.o(i.KeyCallbackMinus2_2)
    KeyCallbackMinus2_3                      0x080011f9   Thumb Code    50  menu.o(i.KeyCallbackMinus2_3)
    KeyCallbackMinus2_4                      0x08001231   Thumb Code    50  menu.o(i.KeyCallbackMinus2_4)
    KeyCallbackMinus2_5                      0x08001269   Thumb Code    50  menu.o(i.KeyCallbackMinus2_5)
    KeyCallbackMinus2_6                      0x080012a1   Thumb Code    50  menu.o(i.KeyCallbackMinus2_6)
    KeyCallbackMinus3_1                      0x080012d9   Thumb Code    48  menu.o(i.KeyCallbackMinus3_1)
    KeyCallbackMinus3_2                      0x0800130d   Thumb Code    50  menu.o(i.KeyCallbackMinus3_2)
    KeyCallbackMinus4_1                      0x08001345   Thumb Code     2  menu.o(i.KeyCallbackMinus4_1)
    KeyCallbackMiuns2_1                      0x08001349   Thumb Code    50  menu.o(i.KeyCallbackMiuns2_1)
    KeyCallbackPlus1_1                       0x08001381   Thumb Code     2  menu.o(i.KeyCallbackPlus1_1)
    KeyCallbackPlus1_2                       0x08001383   Thumb Code     2  menu.o(i.KeyCallbackPlus1_2)
    KeyCallbackPlus1_3                       0x08001385   Thumb Code     2  menu.o(i.KeyCallbackPlus1_3)
    KeyCallbackPlus2_1                       0x08001389   Thumb Code    50  menu.o(i.KeyCallbackPlus2_1)
    KeyCallbackPlus2_2                       0x080013c1   Thumb Code    50  menu.o(i.KeyCallbackPlus2_2)
    KeyCallbackPlus2_3                       0x080013f9   Thumb Code    50  menu.o(i.KeyCallbackPlus2_3)
    KeyCallbackPlus2_4                       0x08001431   Thumb Code    50  menu.o(i.KeyCallbackPlus2_4)
    KeyCallbackPlus2_5                       0x08001469   Thumb Code    50  menu.o(i.KeyCallbackPlus2_5)
    KeyCallbackPlus2_6                       0x080014a1   Thumb Code    50  menu.o(i.KeyCallbackPlus2_6)
    KeyCallbackPlus3_1                       0x080014d9   Thumb Code    48  menu.o(i.KeyCallbackPlus3_1)
    KeyCallbackPlus3_2                       0x0800150d   Thumb Code    50  menu.o(i.KeyCallbackPlus3_2)
    KeyCallbackPlus4_1                       0x08001545   Thumb Code     2  menu.o(i.KeyCallbackPlus4_1)
    MX_GPIO_Init                             0x08001549   Thumb Code   272  gpio.o(i.MX_GPIO_Init)
    MX_USART1_UART_Init                      0x0800166d   Thumb Code    48  usart.o(i.MX_USART1_UART_Init)
    MemManage_Handler                        0x080016a5   Thumb Code     2  stm32f1xx_it.o(i.MemManage_Handler)
    NMI_Handler                              0x080016a7   Thumb Code     2  stm32f1xx_it.o(i.NMI_Handler)
    OLED_Clear                               0x080016c9   Thumb Code    40  oled.o(i.OLED_Clear)
    OLED_DrawPoint                           0x080016f5   Thumb Code    54  oled.o(i.OLED_DrawPoint)
    OLED_DrawRectangle                       0x08001731   Thumb Code   112  oled.o(i.OLED_DrawRectangle)
    OLED_Init                                0x080017a1   Thumb Code   326  oled.o(i.OLED_Init)
    OLED_Pow                                 0x080018f5   Thumb Code    16  oled.o(i.OLED_Pow)
    OLED_Refresh_Gram                        0x08001905   Thumb Code    66  oled.o(i.OLED_Refresh_Gram)
    OLED_Set_Pos                             0x0800194d   Thumb Code    46  oled.o(i.OLED_Set_Pos)
    OLED_ShowChar                            0x0800197d   Thumb Code   140  oled.o(i.OLED_ShowChar)
    OLED_ShowNum                             0x08001a11   Thumb Code   110  oled.o(i.OLED_ShowNum)
    OLED_ShowString                          0x08001a7f   Thumb Code    94  oled.o(i.OLED_ShowString)
    OLED_WR_Byte                             0x08001add   Thumb Code   106  oled.o(i.OLED_WR_Byte)
    PendSV_Handler                           0x08001b4d   Thumb Code     2  stm32f1xx_it.o(i.PendSV_Handler)
    SVC_Handler                              0x08001b4f   Thumb Code     2  stm32f1xx_it.o(i.SVC_Handler)
    SysTick_Handler                          0x08001b51   Thumb Code     4  stm32f1xx_it.o(i.SysTick_Handler)
    SystemClock_Config                       0x08001b55   Thumb Code    78  main.o(i.SystemClock_Config)
    SystemInit                               0x08001ba5   Thumb Code    56  system_stm32f1xx.o(i.SystemInit)
    UsageFault_Handler                       0x08001dc1   Thumb Code     2  stm32f1xx_it.o(i.UsageFault_Handler)
    __scatterload_copy                       0x08001dc3   Thumb Code    14  handlers.o(i.__scatterload_copy)
    __scatterload_null                       0x08001dd1   Thumb Code     2  handlers.o(i.__scatterload_null)
    __scatterload_zeroinit                   0x08001dd3   Thumb Code    14  handlers.o(i.__scatterload_zeroinit)
    delay_ms                                 0x08001de1   Thumb Code    36  delay.o(i.delay_ms)
    delay_us                                 0x08001e05   Thumb Code    34  delay.o(i.delay_us)
    detectKey                                0x08001e29   Thumb Code   642  key.o(i.detectKey)
    displayMenu                              0x080020bd   Thumb Code    28  display.o(i.displayMenu)
    displayOled                              0x080020d9   Thumb Code   262  display.o(i.displayOled)
    displayOption                            0x08002209   Thumb Code    88  display.o(i.displayOption)
    main                                     0x08002261   Thumb Code    52  main.o(i.main)
    protocolUart                             0x08002299   Thumb Code   124  protocol.o(i.protocolUart)
    sumCheck                                 0x0800231d   Thumb Code    26  protocol.o(i.sumCheck)
    F6x8                                     0x08002336   Data         552  oled.o(.constdata)
    F8X16                                    0x0800255e   Data        1520  oled.o(.constdata)
    AHBPrescTable                            0x08002b4e   Data          16  system_stm32f1xx.o(.constdata)
    APBPrescTable                            0x08002b5e   Data           8  system_stm32f1xx.o(.constdata)
    Region$$Table$$Base                      0x08002b98   Number         0  anon$$obj.o(Region$$Table)
    Region$$Table$$Limit                     0x08002bb8   Number         0  anon$$obj.o(Region$$Table)
    key_press                                0x20000170   Data           1  key.o(.data)
    keypress                                 0x200002e4   Data           1  main.o(.data)
    menuNow                                  0x200002e8   Data           4  main.o(.data)
    optNow                                   0x200002ec   Data           4  main.o(.data)
    val_1                                    0x20000460   Data           1  main.o(.data)
    val_2                                    0x20000461   Data           1  main.o(.data)
    val_3                                    0x20000462   Data           1  main.o(.data)
    val_4                                    0x20000463   Data           1  main.o(.data)
    val_5                                    0x20000464   Data           1  main.o(.data)
    val_6                                    0x20000465   Data           1  main.o(.data)
    val_7                                    0x20000468   Data           4  main.o(.data)
    val_8                                    0x2000046c   Data           1  main.o(.data)
    uwTickFreq                               0x20000470   Data           1  stm32f1xx_hal.o(.data)
    uwTickPrio                               0x20000474   Data           4  stm32f1xx_hal.o(.data)
    uwTick                                   0x20000478   Data           4  stm32f1xx_hal.o(.data)
    SystemCoreClock                          0x2000047c   Data           4  system_stm32f1xx.o(.data)
    OLED_GRAM                                0x20000480   Data        1024  oled.o(.bss)
    huart1                                   0x20000880   Data          64  usart.o(.bss)
    __initial_sp                             0x20000d28   Data           0  startup_stm32f103xe.o(STACK)



==============================================================================

Memory Map of the image

  Image Entry point : 0x08000131

  Load Region LR_IROM1 (Base: 0x08000000, Size: 0x00003038, Max: 0x00080000, ABSOLUTE, COMPRESSED[0x00002e68])

    Execution Region ER_IROM1 (Exec base: 0x08000000, Load base: 0x08000000, Size: 0x00002bb8, Max: 0x00080000, ABSOLUTE)

    Exec Addr    Load Addr    Size         Type   Attr      Idx    E Section Name        Object

    0x08000000   0x08000000   0x00000130   Data   RO            3    RESET               startup_stm32f103xe.o
    0x08000130   0x08000130   0x00000000   Code   RO         2271  * .ARM.Collect$$$$00000000  mc_w.l(entry.o)
    0x08000130   0x08000130   0x00000004   Code   RO         2278    .ARM.Collect$$$$00000001  mc_w.l(entry2.o)
    0x08000134   0x08000134   0x00000004   Code   RO         2281    .ARM.Collect$$$$00000004  mc_w.l(entry5.o)
    0x08000138   0x08000138   0x00000000   Code   RO         2283    .ARM.Collect$$$$00000008  mc_w.l(entry7b.o)
    0x08000138   0x08000138   0x00000000   Code   RO         2285    .ARM.Collect$$$$0000000A  mc_w.l(entry8b.o)
    0x08000138   0x08000138   0x00000008   Code   RO         2286    .ARM.Collect$$$$0000000B  mc_w.l(entry9a.o)
    0x08000140   0x08000140   0x00000000   Code   RO         2288    .ARM.Collect$$$$0000000D  mc_w.l(entry10a.o)
    0x08000140   0x08000140   0x00000000   Code   RO         2290    .ARM.Collect$$$$0000000F  mc_w.l(entry11a.o)
    0x08000140   0x08000140   0x00000004   Code   RO         2279    .ARM.Collect$$$$00002712  mc_w.l(entry2.o)
    0x08000144   0x08000144   0x00000024   Code   RO            4    .text               startup_stm32f103xe.o
    0x08000168   0x08000168   0x00000024   Code   RO         2276    .text               mc_w.l(memseta.o)
    0x0800018c   0x0800018c   0x00000024   Code   RO         2292    .text               mc_w.l(init.o)
    0x080001b0   0x080001b0   0x00000056   Code   RO         2302    .text               mc_w.l(__dczerorl2.o)
    0x08000206   0x08000206   0x00000002   Code   RO          816    i.BusFault_Handler  stm32f1xx_it.o
    0x08000208   0x08000208   0x00000020   Code   RO          212    i.CallbackDisplay1_1  menu.o
    0x08000228   0x08000228   0x00000020   Code   RO          213    i.CallbackDisplay1_2  menu.o
    0x08000248   0x08000248   0x00000020   Code   RO          214    i.CallbackDisplay1_3  menu.o
    0x08000268   0x08000268   0x00000038   Code   RO          215    i.CallbackDisplay2_1  menu.o
    0x080002a0   0x080002a0   0x00000038   Code   RO          216    i.CallbackDisplay2_2  menu.o
    0x080002d8   0x080002d8   0x00000038   Code   RO          217    i.CallbackDisplay2_3  menu.o
    0x08000310   0x08000310   0x00000038   Code   RO          218    i.CallbackDisplay2_4  menu.o
    0x08000348   0x08000348   0x00000038   Code   RO          219    i.CallbackDisplay2_5  menu.o
    0x08000380   0x08000380   0x00000038   Code   RO          220    i.CallbackDisplay2_6  menu.o
    0x080003b8   0x080003b8   0x00000038   Code   RO          221    i.CallbackDisplay3_1  menu.o
    0x080003f0   0x080003f0   0x00000038   Code   RO          222    i.CallbackDisplay3_2  menu.o
    0x08000428   0x08000428   0x00000020   Code   RO          223    i.CallbackDisplay4_1  menu.o
    0x08000448   0x08000448   0x00000002   Code   RO          817    i.DebugMon_Handler  stm32f1xx_it.o
    0x0800044a   0x0800044a   0x00000002   Code   RO          685    i.Error_Handler     main.o
    0x0800044c   0x0800044c   0x000001e8   Code   RO         1648    i.HAL_GPIO_Init     stm32f1xx_hal_gpio.o
    0x08000634   0x08000634   0x0000000a   Code   RO         1650    i.HAL_GPIO_ReadPin  stm32f1xx_hal_gpio.o
    0x0800063e   0x0800063e   0x0000000a   Code   RO         1652    i.HAL_GPIO_WritePin  stm32f1xx_hal_gpio.o
    0x08000648   0x08000648   0x0000000c   Code   RO         1356    i.HAL_GetTick       stm32f1xx_hal.o
    0x08000654   0x08000654   0x00000010   Code   RO         1360    i.HAL_IncTick       stm32f1xx_hal.o
    0x08000664   0x08000664   0x00000024   Code   RO         1361    i.HAL_Init          stm32f1xx_hal.o
    0x08000688   0x08000688   0x00000040   Code   RO         1362    i.HAL_InitTick      stm32f1xx_hal.o
    0x080006c8   0x080006c8   0x00000038   Code   RO          891    i.HAL_MspInit       stm32f1xx_hal_msp.o
    0x08000700   0x08000700   0x00000040   Code   RO         1814    i.HAL_NVIC_SetPriority  stm32f1xx_hal_cortex.o
    0x08000740   0x08000740   0x00000024   Code   RO         1815    i.HAL_NVIC_SetPriorityGrouping  stm32f1xx_hal_cortex.o
    0x08000764   0x08000764   0x0000016c   Code   RO         1508    i.HAL_RCC_ClockConfig  stm32f1xx_hal_rcc.o
    0x080008d0   0x080008d0   0x00000020   Code   RO         1515    i.HAL_RCC_GetPCLK1Freq  stm32f1xx_hal_rcc.o
    0x080008f0   0x080008f0   0x00000020   Code   RO         1516    i.HAL_RCC_GetPCLK2Freq  stm32f1xx_hal_rcc.o
    0x08000910   0x08000910   0x0000006c   Code   RO         1517    i.HAL_RCC_GetSysClockFreq  stm32f1xx_hal_rcc.o
    0x0800097c   0x0800097c   0x00000304   Code   RO         1520    i.HAL_RCC_OscConfig  stm32f1xx_hal_rcc.o
    0x08000c80   0x08000c80   0x00000028   Code   RO         1819    i.HAL_SYSTICK_Config  stm32f1xx_hal_cortex.o
    0x08000ca8   0x08000ca8   0x0000000a   Code   RO         1042    i.HAL_UART_GetState  stm32f1xx_hal_uart.o
    0x08000cb2   0x08000cb2   0x00000062   Code   RO         1044    i.HAL_UART_Init     stm32f1xx_hal_uart.o
    0x08000d14   0x08000d14   0x00000070   Code   RO          775    i.HAL_UART_MspInit  usart.o
    0x08000d84   0x08000d84   0x000000ba   Code   RO         1052    i.HAL_UART_Transmit  stm32f1xx_hal_uart.o
    0x08000e3e   0x08000e3e   0x00000002   Code   RO          818    i.HardFault_Handler  stm32f1xx_it.o
    0x08000e40   0x08000e40   0x00000028   Code   RO          224    i.KeyCallbackConfirm1_1  menu.o
    0x08000e68   0x08000e68   0x00000028   Code   RO          225    i.KeyCallbackConfirm1_2  menu.o
    0x08000e90   0x08000e90   0x00000028   Code   RO          226    i.KeyCallbackConfirm1_3  menu.o
    0x08000eb8   0x08000eb8   0x00000060   Code   RO          227    i.KeyCallbackConfirm2_1  menu.o
    0x08000f18   0x08000f18   0x00000060   Code   RO          228    i.KeyCallbackConfirm2_2  menu.o
    0x08000f78   0x08000f78   0x00000060   Code   RO          229    i.KeyCallbackConfirm2_3  menu.o
    0x08000fd8   0x08000fd8   0x00000060   Code   RO          230    i.KeyCallbackConfirm2_4  menu.o
    0x08001038   0x08001038   0x00000060   Code   RO          231    i.KeyCallbackConfirm2_5  menu.o
    0x08001098   0x08001098   0x00000060   Code   RO          232    i.KeyCallbackConfirm2_6  menu.o
    0x080010f8   0x080010f8   0x00000060   Code   RO          233    i.KeyCallbackConfirm3_1  menu.o
    0x08001158   0x08001158   0x00000060   Code   RO          234    i.KeyCallbackConfirm3_2  menu.o
    0x080011b8   0x080011b8   0x00000002   Code   RO          235    i.KeyCallbackConfirm4_1  menu.o
    0x080011ba   0x080011ba   0x00000002   Code   RO          236    i.KeyCallbackMinus1_1  menu.o
    0x080011bc   0x080011bc   0x00000002   Code   RO          237    i.KeyCallbackMinus1_2  menu.o
    0x080011be   0x080011be   0x00000002   Code   RO          238    i.KeyCallbackMinus1_3  menu.o
    0x080011c0   0x080011c0   0x00000038   Code   RO          239    i.KeyCallbackMinus2_2  menu.o
    0x080011f8   0x080011f8   0x00000038   Code   RO          240    i.KeyCallbackMinus2_3  menu.o
    0x08001230   0x08001230   0x00000038   Code   RO          241    i.KeyCallbackMinus2_4  menu.o
    0x08001268   0x08001268   0x00000038   Code   RO          242    i.KeyCallbackMinus2_5  menu.o
    0x080012a0   0x080012a0   0x00000038   Code   RO          243    i.KeyCallbackMinus2_6  menu.o
    0x080012d8   0x080012d8   0x00000034   Code   RO          244    i.KeyCallbackMinus3_1  menu.o
    0x0800130c   0x0800130c   0x00000038   Code   RO          245    i.KeyCallbackMinus3_2  menu.o
    0x08001344   0x08001344   0x00000002   Code   RO          246    i.KeyCallbackMinus4_1  menu.o
    0x08001346   0x08001346   0x00000002   PAD
    0x08001348   0x08001348   0x00000038   Code   RO          247    i.KeyCallbackMiuns2_1  menu.o
    0x08001380   0x08001380   0x00000002   Code   RO          248    i.KeyCallbackPlus1_1  menu.o
    0x08001382   0x08001382   0x00000002   Code   RO          249    i.KeyCallbackPlus1_2  menu.o
    0x08001384   0x08001384   0x00000002   Code   RO          250    i.KeyCallbackPlus1_3  menu.o
    0x08001386   0x08001386   0x00000002   PAD
    0x08001388   0x08001388   0x00000038   Code   RO          251    i.KeyCallbackPlus2_1  menu.o
    0x080013c0   0x080013c0   0x00000038   Code   RO          252    i.KeyCallbackPlus2_2  menu.o
    0x080013f8   0x080013f8   0x00000038   Code   RO          253    i.KeyCallbackPlus2_3  menu.o
    0x08001430   0x08001430   0x00000038   Code   RO          254    i.KeyCallbackPlus2_4  menu.o
    0x08001468   0x08001468   0x00000038   Code   RO          255    i.KeyCallbackPlus2_5  menu.o
    0x080014a0   0x080014a0   0x00000038   Code   RO          256    i.KeyCallbackPlus2_6  menu.o
    0x080014d8   0x080014d8   0x00000034   Code   RO          257    i.KeyCallbackPlus3_1  menu.o
    0x0800150c   0x0800150c   0x00000038   Code   RO          258    i.KeyCallbackPlus3_2  menu.o
    0x08001544   0x08001544   0x00000002   Code   RO          259    i.KeyCallbackPlus4_1  menu.o
    0x08001546   0x08001546   0x00000002   PAD
    0x08001548   0x08001548   0x00000124   Code   RO          750    i.MX_GPIO_Init      gpio.o
    0x0800166c   0x0800166c   0x00000038   Code   RO          776    i.MX_USART1_UART_Init  usart.o
    0x080016a4   0x080016a4   0x00000002   Code   RO          819    i.MemManage_Handler  stm32f1xx_it.o
    0x080016a6   0x080016a6   0x00000002   Code   RO          820    i.NMI_Handler       stm32f1xx_it.o
    0x080016a8   0x080016a8   0x00000020   Code   RO         1821    i.NVIC_SetPriority  stm32f1xx_hal_cortex.o
    0x080016c8   0x080016c8   0x0000002c   Code   RO          537    i.OLED_Clear        oled.o
    0x080016f4   0x080016f4   0x0000003c   Code   RO          541    i.OLED_DrawPoint    oled.o
    0x08001730   0x08001730   0x00000070   Code   RO          542    i.OLED_DrawRectangle  oled.o
    0x080017a0   0x080017a0   0x00000154   Code   RO          545    i.OLED_Init         oled.o
    0x080018f4   0x080018f4   0x00000010   Code   RO          547    i.OLED_Pow          oled.o
    0x08001904   0x08001904   0x00000048   Code   RO          548    i.OLED_Refresh_Gram  oled.o
    0x0800194c   0x0800194c   0x0000002e   Code   RO          549    i.OLED_Set_Pos      oled.o
    0x0800197a   0x0800197a   0x00000002   PAD
    0x0800197c   0x0800197c   0x00000094   Code   RO          551    i.OLED_ShowChar     oled.o
    0x08001a10   0x08001a10   0x0000006e   Code   RO          552    i.OLED_ShowNum      oled.o
    0x08001a7e   0x08001a7e   0x0000005e   Code   RO          553    i.OLED_ShowString   oled.o
    0x08001adc   0x08001adc   0x00000070   Code   RO          554    i.OLED_WR_Byte      oled.o
    0x08001b4c   0x08001b4c   0x00000002   Code   RO          821    i.PendSV_Handler    stm32f1xx_it.o
    0x08001b4e   0x08001b4e   0x00000002   Code   RO          822    i.SVC_Handler       stm32f1xx_it.o
    0x08001b50   0x08001b50   0x00000004   Code   RO          823    i.SysTick_Handler   stm32f1xx_it.o
    0x08001b54   0x08001b54   0x0000004e   Code   RO          686    i.SystemClock_Config  main.o
    0x08001ba2   0x08001ba2   0x00000002   PAD
    0x08001ba4   0x08001ba4   0x00000048   Code   RO         2237    i.SystemInit        system_stm32f1xx.o
    0x08001bec   0x08001bec   0x00000170   Code   RO         1070    i.UART_SetConfig    stm32f1xx_hal_uart.o
    0x08001d5c   0x08001d5c   0x00000064   Code   RO         1072    i.UART_WaitOnFlagUntilTimeout  stm32f1xx_hal_uart.o
    0x08001dc0   0x08001dc0   0x00000002   Code   RO          824    i.UsageFault_Handler  stm32f1xx_it.o
    0x08001dc2   0x08001dc2   0x0000000e   Code   RO         2296    i.__scatterload_copy  mc_w.l(handlers.o)
    0x08001dd0   0x08001dd0   0x00000002   Code   RO         2297    i.__scatterload_null  mc_w.l(handlers.o)
    0x08001dd2   0x08001dd2   0x0000000e   Code   RO         2298    i.__scatterload_zeroinit  mc_w.l(handlers.o)
    0x08001de0   0x08001de0   0x00000024   Code   RO           13    i.delay_ms          delay.o
    0x08001e04   0x08001e04   0x00000022   Code   RO           14    i.delay_us          delay.o
    0x08001e26   0x08001e26   0x00000002   PAD
    0x08001e28   0x08001e28   0x00000294   Code   RO          182    i.detectKey         key.o
    0x080020bc   0x080020bc   0x0000001c   Code   RO          120    i.displayMenu       display.o
    0x080020d8   0x080020d8   0x00000130   Code   RO          121    i.displayOled       display.o
    0x08002208   0x08002208   0x00000058   Code   RO          122    i.displayOption     display.o
    0x08002260   0x08002260   0x00000038   Code   RO          687    i.main              main.o
    0x08002298   0x08002298   0x00000084   Code   RO          915    i.protocolUart      protocol.o
    0x0800231c   0x0800231c   0x0000001a   Code   RO          916    i.sumCheck          protocol.o
    0x08002336   0x08002336   0x00000818   Data   RO          557    .constdata          oled.o
    0x08002b4e   0x08002b4e   0x00000010   Data   RO         2238    .constdata          system_stm32f1xx.o
    0x08002b5e   0x08002b5e   0x00000008   Data   RO         2239    .constdata          system_stm32f1xx.o
    0x08002b66   0x08002b66   0x00000002   PAD
    0x08002b68   0x08002b68   0x00000015   Data   RO          123    .conststring        display.o
    0x08002b7d   0x08002b7d   0x00000003   PAD
    0x08002b80   0x08002b80   0x00000015   Data   RO          124    .conststring        display.o
    0x08002b95   0x08002b95   0x00000003   PAD
    0x08002b98   0x08002b98   0x00000020   Data   RO         2294    Region$$Table       anon$$obj.o


    Execution Region RW_IRAM1 (Exec base: 0x20000000, Load base: 0x08002bb8, Size: 0x00000d28, Max: 0x00010000, ABSOLUTE, COMPRESSED[0x000002b0])

    Exec Addr    Load Addr    Size         Type   Attr      Idx    E Section Name        Object

    0x20000000   COMPRESSED   0x00000020   Data   RW          127    .data               display.o
    0x20000020   COMPRESSED   0x00000054   Data   RW          128    .data               display.o
    0x20000074   COMPRESSED   0x000000a8   Data   RW          129    .data               display.o
    0x2000011c   COMPRESSED   0x00000038   Data   RW          130    .data               display.o
    0x20000154   COMPRESSED   0x0000001c   Data   RW          131    .data               display.o
    0x20000170   COMPRESSED   0x00000001   Data   RW          183    .data               key.o
    0x20000171   COMPRESSED   0x00000003   PAD
    0x20000174   COMPRESSED   0x00000020   Data   RW          261    .data               menu.o
    0x20000194   COMPRESSED   0x00000150   Data   RW          262    .data               menu.o
    0x200002e4   COMPRESSED   0x0000002c   Data   RW          692    .data               main.o
    0x20000310   COMPRESSED   0x00000054   Data   RW          693    .data               main.o
    0x20000364   COMPRESSED   0x000000a8   Data   RW          694    .data               main.o
    0x2000040c   COMPRESSED   0x00000038   Data   RW          695    .data               main.o
    0x20000444   COMPRESSED   0x0000001c   Data   RW          696    .data               main.o
    0x20000460   COMPRESSED   0x00000001   Data   RW          697    .data               main.o
    0x20000461   COMPRESSED   0x00000001   Data   RW          698    .data               main.o
    0x20000462   COMPRESSED   0x00000001   Data   RW          699    .data               main.o
    0x20000463   COMPRESSED   0x00000001   Data   RW          700    .data               main.o
    0x20000464   COMPRESSED   0x00000001   Data   RW          701    .data               main.o
    0x20000465   COMPRESSED   0x00000001   Data   RW          702    .data               main.o
    0x20000466   COMPRESSED   0x00000002   PAD
    0x20000468   COMPRESSED   0x00000004   Data   RW          703    .data               main.o
    0x2000046c   COMPRESSED   0x00000001   Data   RW          704    .data               main.o
    0x2000046d   COMPRESSED   0x00000003   PAD
    0x20000470   COMPRESSED   0x0000000c   Data   RW         1368    .data               stm32f1xx_hal.o
    0x2000047c   COMPRESSED   0x00000004   Data   RW         2240    .data               system_stm32f1xx.o
    0x20000480        -       0x00000400   Zero   RW          556    .bss                oled.o
    0x20000880        -       0x00000040   Zero   RW          777    .bss                usart.o
    0x200008c0        -       0x00000064   Zero   RW          917    .bss                protocol.o
    0x20000924   COMPRESSED   0x00000004   PAD
    0x20000928        -       0x00000400   Zero   RW            1    STACK               startup_stm32f103xe.o


==============================================================================

Image component sizes


      Code (inc. data)   RO Data    RW Data    ZI Data      Debug   Object Name

        70          0          0          0          0     449722   delay.o
       420         50         42        368          0       5207   display.o
       292         20          0          0          0       1071   gpio.o
       660         18          0          1          0       1076   key.o
       136          4          0        391          0       2526   main.o
      2370        496          0        368          0      23456   menu.o
      1154         44       2072          0       1024       8692   oled.o
       158          8          0          0        100       2061   protocol.o
        36          8        304          0       1024        808   startup_stm32f103xe.o
       128         24          0         12          0       5981   stm32f1xx_hal.o
       172         14          0          0          0      25166   stm32f1xx_hal_cortex.o
       508         42          0          0          0       3551   stm32f1xx_hal_gpio.o
        56          8          0          0          0        862   stm32f1xx_hal_msp.o
      1308         98          0          0          0       5280   stm32f1xx_hal_rcc.o
       762          4          0          0          0       4564   stm32f1xx_hal_uart.o
        20          0          0          0          0       3878   stm32f1xx_it.o
        72         16         24          4          0       1187   system_stm32f1xx.o
       168         20          0          0         64       1670   usart.o

    ----------------------------------------------------------------------
      8502        874       2482       1152       2216     546758   Object Totals
         0          0         32          0          0          0   (incl. Generated)
        12          0          8          8          4          0   (incl. Padding)

    ----------------------------------------------------------------------

      Code (inc. data)   RO Data    RW Data    ZI Data      Debug   Library Member Name

        86          0          0          0          0          0   __dczerorl2.o
         0          0          0          0          0          0   entry.o
         0          0          0          0          0          0   entry10a.o
         0          0          0          0          0          0   entry11a.o
         8          4          0          0          0          0   entry2.o
         4          0          0          0          0          0   entry5.o
         0          0          0          0          0          0   entry7b.o
         0          0          0          0          0          0   entry8b.o
         8          4          0          0          0          0   entry9a.o
        30          0          0          0          0          0   handlers.o
        36          8          0          0          0         68   init.o
        36          0          0          0          0        108   memseta.o

    ----------------------------------------------------------------------
       208         16          0          0          0        176   Library Totals
         0          0          0          0          0          0   (incl. Padding)

    ----------------------------------------------------------------------

      Code (inc. data)   RO Data    RW Data    ZI Data      Debug   Library Name

       208         16          0          0          0        176   mc_w.l

    ----------------------------------------------------------------------
       208         16          0          0          0        176   Library Totals

    ----------------------------------------------------------------------

==============================================================================


      Code (inc. data)   RO Data    RW Data    ZI Data      Debug   

      8710        890       2482       1152       2216     541966   Grand Totals
      8710        890       2482        688       2216     541966   ELF Image Totals (compressed)
      8710        890       2482        688          0          0   ROM Totals

==============================================================================

    Total RO  Size (Code + RO Data)                11192 (  10.93kB)
    Total RW  Size (RW Data + ZI Data)              3368 (   3.29kB)
    Total ROM Size (Code + RO Data + RW Data)      11880 (  11.60kB)

==============================================================================

